Archive member included to satisfy reference by file (symbol)

e:/program files/stm workbench/plugins/fr.ac6.mcu.externaltools.arm-none.win32_1.16.0.201807130628/tools/compiler/bin/../lib/gcc/arm-none-eabi/7.2.1/../../../../arm-none-eabi/lib/thumb/v6-m\libm.a(lib_a-s_round.o)
                              src/motor.o (round)
e:/program files/stm workbench/plugins/fr.ac6.mcu.externaltools.arm-none.win32_1.16.0.201807130628/tools/compiler/bin/../lib/gcc/arm-none-eabi/7.2.1/thumb/v6-m\libgcc.a(_udivsi3.o)
                              StdPeriph_Driver/src/stm32f0xx_rcc.o (__aeabi_uidiv)
e:/program files/stm workbench/plugins/fr.ac6.mcu.externaltools.arm-none.win32_1.16.0.201807130628/tools/compiler/bin/../lib/gcc/arm-none-eabi/7.2.1/thumb/v6-m\libgcc.a(_divsi3.o)
                              src/usart.o (__aeabi_idiv)
e:/program files/stm workbench/plugins/fr.ac6.mcu.externaltools.arm-none.win32_1.16.0.201807130628/tools/compiler/bin/../lib/gcc/arm-none-eabi/7.2.1/thumb/v6-m\libgcc.a(_dvmd_tls.o)
                              e:/program files/stm workbench/plugins/fr.ac6.mcu.externaltools.arm-none.win32_1.16.0.201807130628/tools/compiler/bin/../lib/gcc/arm-none-eabi/7.2.1/thumb/v6-m\libgcc.a(_udivsi3.o) (__aeabi_idiv0)
e:/program files/stm workbench/plugins/fr.ac6.mcu.externaltools.arm-none.win32_1.16.0.201807130628/tools/compiler/bin/../lib/gcc/arm-none-eabi/7.2.1/thumb/v6-m\libgcc.a(_arm_cmpdf2.o)
                              src/motor.o (__aeabi_dcmpgt)
e:/program files/stm workbench/plugins/fr.ac6.mcu.externaltools.arm-none.win32_1.16.0.201807130628/tools/compiler/bin/../lib/gcc/arm-none-eabi/7.2.1/thumb/v6-m\libgcc.a(adddf3.o)
                              src/motor.o (__aeabi_dadd)
e:/program files/stm workbench/plugins/fr.ac6.mcu.externaltools.arm-none.win32_1.16.0.201807130628/tools/compiler/bin/../lib/gcc/arm-none-eabi/7.2.1/thumb/v6-m\libgcc.a(divdf3.o)
                              src/motor.o (__aeabi_ddiv)
e:/program files/stm workbench/plugins/fr.ac6.mcu.externaltools.arm-none.win32_1.16.0.201807130628/tools/compiler/bin/../lib/gcc/arm-none-eabi/7.2.1/thumb/v6-m\libgcc.a(eqdf2.o)
                              e:/program files/stm workbench/plugins/fr.ac6.mcu.externaltools.arm-none.win32_1.16.0.201807130628/tools/compiler/bin/../lib/gcc/arm-none-eabi/7.2.1/thumb/v6-m\libgcc.a(_arm_cmpdf2.o) (__eqdf2)
e:/program files/stm workbench/plugins/fr.ac6.mcu.externaltools.arm-none.win32_1.16.0.201807130628/tools/compiler/bin/../lib/gcc/arm-none-eabi/7.2.1/thumb/v6-m\libgcc.a(gedf2.o)
                              e:/program files/stm workbench/plugins/fr.ac6.mcu.externaltools.arm-none.win32_1.16.0.201807130628/tools/compiler/bin/../lib/gcc/arm-none-eabi/7.2.1/thumb/v6-m\libgcc.a(_arm_cmpdf2.o) (__gedf2)
e:/program files/stm workbench/plugins/fr.ac6.mcu.externaltools.arm-none.win32_1.16.0.201807130628/tools/compiler/bin/../lib/gcc/arm-none-eabi/7.2.1/thumb/v6-m\libgcc.a(ledf2.o)
                              e:/program files/stm workbench/plugins/fr.ac6.mcu.externaltools.arm-none.win32_1.16.0.201807130628/tools/compiler/bin/../lib/gcc/arm-none-eabi/7.2.1/thumb/v6-m\libgcc.a(_arm_cmpdf2.o) (__ledf2)
e:/program files/stm workbench/plugins/fr.ac6.mcu.externaltools.arm-none.win32_1.16.0.201807130628/tools/compiler/bin/../lib/gcc/arm-none-eabi/7.2.1/thumb/v6-m\libgcc.a(muldf3.o)
                              src/main.o (__aeabi_dmul)
e:/program files/stm workbench/plugins/fr.ac6.mcu.externaltools.arm-none.win32_1.16.0.201807130628/tools/compiler/bin/../lib/gcc/arm-none-eabi/7.2.1/thumb/v6-m\libgcc.a(subdf3.o)
                              src/main.o (__aeabi_dsub)
e:/program files/stm workbench/plugins/fr.ac6.mcu.externaltools.arm-none.win32_1.16.0.201807130628/tools/compiler/bin/../lib/gcc/arm-none-eabi/7.2.1/thumb/v6-m\libgcc.a(fixdfsi.o)
                              src/gcode.o (__aeabi_d2iz)
e:/program files/stm workbench/plugins/fr.ac6.mcu.externaltools.arm-none.win32_1.16.0.201807130628/tools/compiler/bin/../lib/gcc/arm-none-eabi/7.2.1/thumb/v6-m\libgcc.a(floatsidf.o)
                              src/main.o (__aeabi_i2d)
e:/program files/stm workbench/plugins/fr.ac6.mcu.externaltools.arm-none.win32_1.16.0.201807130628/tools/compiler/bin/../lib/gcc/arm-none-eabi/7.2.1/thumb/v6-m\libgcc.a(_clzsi2.o)
                              e:/program files/stm workbench/plugins/fr.ac6.mcu.externaltools.arm-none.win32_1.16.0.201807130628/tools/compiler/bin/../lib/gcc/arm-none-eabi/7.2.1/thumb/v6-m\libgcc.a(adddf3.o) (__clzsi2)
e:/program files/stm workbench/plugins/fr.ac6.mcu.externaltools.arm-none.win32_1.16.0.201807130628/tools/compiler/bin/../lib/gcc/arm-none-eabi/7.2.1/../../../../arm-none-eabi/lib/thumb/v6-m\libc.a(lib_a-errno.o)
                              src/syscalls.o (__errno)
e:/program files/stm workbench/plugins/fr.ac6.mcu.externaltools.arm-none.win32_1.16.0.201807130628/tools/compiler/bin/../lib/gcc/arm-none-eabi/7.2.1/../../../../arm-none-eabi/lib/thumb/v6-m\libc.a(lib_a-exit.o)
[...]
Memory Configuration

Name             Origin             Length             Attributes
FLASH            0x08000000         0x00010000         xr
RAM              0x20000000         0x00002000         xrw
*default*        0x00000000         0xffffffff

Linker script and memory map

LOAD e:/program files/stm workbench/plugins/fr.ac6.mcu.externaltools.arm-none.win32_1.16.0.201807130628/tools/compiler/bin/../lib/gcc/arm-none-eabi/7.2.1/thumb/v6-m/crti.o
LOAD e:/program files/stm workbench/plugins/fr.ac6.mcu.externaltools.arm-none.win32_1.16.0.201807130628/tools/compiler/bin/../lib/gcc/arm-none-eabi/7.2.1/thumb/v6-m/crtbegin.o
LOAD e:/program files/stm workbench/plugins/fr.ac6.mcu.externaltools.arm-none.win32_1.16.0.201807130628/tools/compiler/bin/../lib/gcc/arm-none-eabi/7.2.1/../../../../arm-none-eabi/lib/thumb/v6-m/crt0.o
LOAD StdPeriph_Driver/src/stm32f0xx_adc.o
LOAD StdPeriph_Driver/src/stm32f0xx_cec.o
LOAD StdPeriph_Driver/src/stm32f0xx_comp.o
LOAD StdPeriph_Driver/src/stm32f0xx_crc.o
LOAD StdPeriph_Driver/src/stm32f0xx_dac.o
LOAD StdPeriph_Driver/src/stm32f0xx_dbgmcu.o
LOAD StdPeriph_Driver/src/stm32f0xx_dma.o
LOAD StdPeriph_Driver/src/stm32f0xx_exti.o
LOAD StdPeriph_Driver/src/stm32f0xx_flash.o
LOAD StdPeriph_Driver/src/stm32f0xx_gpio.o
LOAD StdPeriph_Driver/src/stm32f0xx_i2c.o
LOAD StdPeriph_Driver/src/stm32f0xx_iwdg.o
LOAD StdPeriph_Driver/src/stm32f0xx_misc.o
LOAD StdPeriph_Driver/src/stm32f0xx_pwr.o
LOAD StdPeriph_Driver/src/stm32f0xx_rcc.o
LOAD StdPeriph_Driver/src/stm32f0xx_rtc.o
LOAD StdPeriph_Driver/src/stm32f0xx_spi.o
LOAD StdPeriph_Driver/src/stm32f0xx_syscfg.o
LOAD StdPeriph_Driver/src/stm32f0xx_tim.o
LOAD StdPeriph_Driver/src/stm32f0xx_usart.o
LOAD StdPeriph_Driver/src/stm32f0xx_wwdg.o
LOAD Utilities/stm32f0_discovery.o
LOAD src/fat16.o
LOAD src/ff.o
LOAD src/flash.o
LOAD src/gcode.o
LOAD src/main.o
LOAD src/micro_wait.o
LOAD src/motor.o
LOAD src/sd.o
LOAD src/sdmm.o
LOAD src/spi.o
LOAD src/syscalls.o
LOAD src/system_stm32f0xx.o
LOAD src/usart.o
LOAD startup/startup_stm32f0xx.o
LOAD e:/program files/stm workbench/plugins/fr.ac6.mcu.externaltools.arm-none.win32_1.16.0.201807130628/tools/compiler/bin/../lib/gcc/arm-none-eabi/7.2.1/../../../../arm-none-eabi/lib/thumb/v6-m\libm.a
START GROUP
LOAD e:/program files/stm workbench/plugins/fr.ac6.mcu.externaltools.arm-none.win32_1.16.0.201807130628/tools/compiler/bin/../lib/gcc/arm-none-eabi/7.2.1/thumb/v6-m\libgcc.a
LOAD e:/program files/stm workbench/plugins/fr.ac6.mcu.externaltools.arm-none.win32_1.16.0.201807130628/tools/compiler/bin/../lib/gcc/arm-none-eabi/7.2.1/../../../../arm-none-eabi/lib/thumb/v6-m\libc.a
END GROUP
LOAD e:/program files/stm workbench/plugins/fr.ac6.mcu.externaltools.arm-none.win32_1.16.0.201807130628/tools/compiler/bin/../lib/gcc/arm-none-eabi/7.2.1/thumb/v6-m/crtend.o
LOAD e:/program files/stm workbench/plugins/fr.ac6.mcu.externaltools.arm-none.win32_1.16.0.201807130628/tools/compiler/bin/../lib/gcc/arm-none-eabi/7.2.1/thumb/v6-m/crtn.o
                0x20002000                _estack = 0x20002000
                0x00000000                _Min_Heap_Size = 0x0
                0x00000080                _Min_Stack_Size = 0x80

.isr_vector     0x08000000       0xc4
                0x08000000                . = ALIGN (0x4)
 *(.isr_vector)
 .isr_vector    0x08000000       0xc4 startup/startup_stm32f0xx.o
                0x08000000                g_pfnVectors
                0x080000c4                . = ALIGN (0x4)

.text           0x080000c8     0xe2ac
                0x080000c8                . = ALIGN (0x4)
 *(.text)
 .text          0x080000c8       0x48 e:/program files/stm workbench/plugins/fr.ac6.mcu.externaltools.arm-none.win32_1.16.0.201807130628/tools/compiler/bin/../lib/gcc/arm-none-eabi/7.2.1/thumb/v6-m/crtbegin.o
 .text          0x08000110       0x14 src/micro_wait.o
                0x08000110                micro_wait
 .text          0x08000124      0x114 e:/program files/stm workbench/plugins/fr.ac6.mcu.externaltools.arm-none.win32_1.16.0.201807130628/tools/compiler/bin/../lib/gcc/arm-none-eabi/7.2.1/thumb/v6-m\libgcc.a(_udivsi3.o)
                0x08000124                __aeabi_uidiv
                0x08000124                __udivsi3
                0x08000230                __aeabi_uidivmod
 .text          0x08000238      0x1d4 e:/program files/stm workbench/plugins/fr.ac6.mcu.externaltools.arm-none.win32_1.16.0.201807130628/tools/compiler/bin/../lib/gcc/arm-none-eabi/7.2.1/thumb/v6-m\libgcc.a(_divsi3.o)
                0x08000238                __divsi3
                0x08000238                __aeabi_idiv
                0x08000404                __aeabi_idivmod
 .text          0x0800040c        0x4 e:/program files/stm workbench/plugins/fr.ac6.mcu.externaltools.arm-none.win32_1.16.0.201807130628/tools/compiler/bin/../lib/gcc/arm-none-eabi/7.2.1/thumb/v6-m\libgcc.a(_dvmd_tls.o)
                0x0800040c                __aeabi_idiv0
                0x0800040c                __aeabi_ldiv0
 .text          0x08000410       0x7c e:/program files/stm workbench/plugins/fr.ac6.mcu.externaltools.arm-none.win32_1.16.0.201807130628/tools/compiler/bin/../lib/gcc/arm-none-eabi/7.2.1/thumb/v6-m\libgcc.a(_arm_cmpdf2.o)
                0x08000410                __aeabi_cdrcmple
                0x08000420                __aeabi_cdcmple
                0x08000420                __aeabi_cdcmpeq
                0x08000430                __aeabi_dcmpeq
                0x0800043c                __aeabi_dcmplt
                0x08000450                __aeabi_dcmple
                0x08000464                __aeabi_dcmpgt
                0x08000478                __aeabi_dcmpge
 .text          0x0800048c      0x638 e:/program files/stm workbench/plugins/fr.ac6.mcu.externaltools.arm-none.win32_1.16.0.201807130628/tools/compiler/bin/../lib/gcc/arm-none-eabi/7.2.1/thumb/v6-m\libgcc.a(adddf3.o)
                0x0800048c                __aeabi_dadd
 .text          0x08000ac4      0x604 e:/program files/stm workbench/plugins/fr.ac6.mcu.externaltools.arm-none.win32_1.16.0.201807130628/tools/compiler/bin/../lib/gcc/arm-none-eabi/7.2.1/thumb/v6-m\libgcc.a(divdf3.o)
                0x08000ac4                __aeabi_ddiv
 .text          0x080010c8       0x78 e:/program files/stm workbench/plugins/fr.ac6.mcu.externaltools.arm-none.win32_1.16.0.201807130628/tools/compiler/bin/../lib/gcc/arm-none-eabi/7.2.1/thumb/v6-m\libgcc.a(eqdf2.o)
                0x080010c8                __nedf2
                0x080010c8                __eqdf2
 .text          0x08001140       0xc8 e:/program files/stm workbench/plugins/fr.ac6.mcu.externaltools.arm-none.win32_1.16.0.201807130628/tools/compiler/bin/../lib/gcc/arm-none-eabi/7.2.1/thumb/v6-m\libgcc.a(gedf2.o)
                0x08001140                __gedf2
                0x08001140                __gtdf2
 .text          0x08001208       0xd0 e:/program files/stm workbench/plugins/fr.ac6.mcu.externaltools.arm-none.win32_1.16.0.201807130628/tools/compiler/bin/../lib/gcc/arm-none-eabi/7.2.1/thumb/v6-m\libgcc.a(ledf2.o)
                0x08001208                __ledf2
                0x08001208                __ltdf2
 .text          0x080012d8      0x4e4 e:/program files/stm workbench/plugins/fr.ac6.mcu.externaltools.arm-none.win32_1.16.0.201807130628/tools/compiler/bin/../lib/gcc/arm-none-eabi/7.2.1/thumb/v6-m\libgcc.a(muldf3.o)
                0x080012d8                __aeabi_dmul
 .text          0x080017bc      0x690 e:/program files/stm workbench/plugins/fr.ac6.mcu.externaltools.arm-none.win32_1.16.0.201807130628/tools/compiler/bin/../lib/gcc/arm-none-eabi/7.2.1/thumb/v6-m\libgcc.a(subdf3.o)
                0x080017bc                __aeabi_dsub
 .text          0x08001e4c       0x6c e:/program files/stm workbench/plugins/fr.ac6.mcu.externaltools.arm-none.win32_1.16.0.201807130628/tools/compiler/bin/../lib/gcc/arm-none-eabi/7.2.1/thumb/v6-m\libgcc.a(fixdfsi.o)
                0x08001e4c                __aeabi_d2iz
 .text          0x08001eb8       0x74 e:/program files/stm workbench/plugins/fr.ac6.mcu.externaltools.arm-none.win32_1.16.0.201807130628/tools/compiler/bin/../lib/gcc/arm-none-eabi/7.2.1/thumb/v6-m\libgcc.a(floatsidf.o)
                0x08001eb8                __aeabi_i2d
 .text          0x08001f2c       0x3c e:/program files/stm workbench/plugins/fr.ac6.mcu.externaltools.arm-none.win32_1.16.0.201807130628/tools/compiler/bin/../lib/gcc/arm-none-eabi/7.2.1/thumb/v6-m\libgcc.a(_clzsi2.o)
                0x08001f2c                __clzsi2
 .text          0x08001f68       0x40 e:/program files/stm workbench/plugins/fr.ac6.mcu.externaltools.arm-none.win32_1.16.0.201807130628/tools/compiler/bin/../lib/gcc/arm-none-eabi/7.2.1/thumb/v6-m\libgcc.a(_aeabi_uldivmod.o)
                0x08001f68                __aeabi_uldivmod
 .text          0x08001fa8       0x3c e:/program files/stm workbench/plugins/fr.ac6.mcu.externaltools.arm-none.win32_1.16.0.201807130628/tools/compiler/bin/../lib/gcc/arm-none-eabi/7.2.1/thumb/v6-m\libgcc.a(_fixunsdfsi.o)
                0x08001fa8                __aeabi_d2uiz
                0x08001fa8                __fixunsdfsi
 .text          0x08001fe4      0x184 e:/program files/stm workbench/plugins/fr.ac6.mcu.externaltools.arm-none.win32_1.16.0.201807130628/tools/compiler/bin/../lib/gcc/arm-none-eabi/7.2.1/thumb/v6-m\libgcc.a(_udivmoddi4.o)
                0x08001fe4                __udivmoddi4
 .text          0x08002168       0x38 e:/program files/stm workbench/plugins/fr.ac6.mcu.externaltools.arm-none.win32_1.16.0.201807130628/tools/compiler/bin/../lib/gcc/arm-none-eabi/7.2.1/thumb/v6-m\libgcc.a(unorddf2.o)
                0x08002168                __aeabi_dcmpun
 .text          0x080021a0       0x64 e:/program files/stm workbench/plugins/fr.ac6.mcu.externaltools.arm-none.win32_1.16.0.201807130628/tools/compiler/bin/../lib/gcc/arm-none-eabi/7.2.1/thumb/v6-m\libgcc.a(floatunsidf.o)
                0x080021a0                __aeabi_ui2d
 .text          0x08002204       0x18 e:/program files/stm workbench/plugins/fr.ac6.mcu.externaltools.arm-none.win32_1.16.0.201807130628/tools/compiler/bin/../lib/gcc/arm-none-eabi/7.2.1/thumb/v6-m\libgcc.a(_clzdi2.o)
                0x08002204                __clzdi2
 *(.text*)
 .text.FLASH_Unlock
                0x0800221c       0x2c StdPeriph_Driver/src/stm32f0xx_flash.o
                0x0800221c                FLASH_Unlock
 .text.FLASH_Lock
                0x08002248       0x1c StdPeriph_Driver/src/stm32f0xx_flash.o
                0x08002248                FLASH_Lock
 .text.ld_word  0x08002264       0x36 src/ff.o
 .text.ld_dword
                0x0800229a       0x42 src/ff.o
 .text.st_word  0x080022dc       0x3c src/ff.o
 .text.st_dword
                0x08002318       0x54 src/ff.o
 .text.mem_cpy  0x0800236c       0x3e src/ff.o
 .text.mem_set  0x080023aa       0x30 src/ff.o
 .text.mem_cmp  0x080023da       0x4a src/ff.o
 .text.chk_chr  0x08002424       0x32 src/ff.o
 .text.dbc_1st  0x08002456       0x22 src/ff.o
 .text.dbc_2nd  0x08002478       0x22 src/ff.o
 .text.sync_window
                0x0800249a       0x82 src/ff.o
 .text.move_window
                0x0800251c       0x6c src/ff.o
 .text.clst2sect
                0x08002588       0x38 src/ff.o
 .text.get_fat  0x080025c0      0x152 src/ff.o
 .text.put_fat  0x08002712      0x1fe src/ff.o
 .text.remove_chain
                0x08002910       0xea src/ff.o
 .text.create_chain
                0x080029fa      0x1c4 src/ff.o
 .text.dir_clear
                0x08002bbe       0x94 src/ff.o
 *fill*         0x08002c52        0x2 
 .text.dir_sdi  0x08002c54      0x100 src/ff.o
 .text.dir_next
                0x08002d54      0x134 src/ff.o
 .text.dir_alloc
                0x08002e88       0xb2 src/ff.o
 .text.ld_clust
                0x08002f3a       0x3e src/ff.o
 .text.st_clust
                0x08002f78       0x40 src/ff.o
 .text.dir_find
                0x08002fb8       0xd2 src/ff.o
 .text.dir_register
                0x0800308a       0x78 src/ff.o
 *fill*         0x08003102        0x2 
 .text.create_name
                0x08003104      0x1cc src/ff.o
 .text.follow_path
                0x080032d0      0x10e src/ff.o
 *fill*         0x080033de        0x2 
 .text.get_ldnumber
                0x080033e0      0x13c src/ff.o
 .text.check_fs
                0x0800351c       0xac src/ff.o
 .text.find_volume
                0x080035c8      0x4fc src/ff.o
 .text.validate
                0x08003ac4       0x7a src/ff.o
 *fill*         0x08003b3e        0x2 
 .text.f_mount  0x08003b40       0x8c src/ff.o
                0x08003b40                f_mount
 .text.f_open   0x08003bcc      0x380 src/ff.o
                0x08003bcc                f_open
 .text.f_read   0x08003f4c      0x26a src/ff.o
                0x08003f4c                f_read
 .text.f_write  0x080041b6      0x2da src/ff.o
                0x080041b6                f_write
 .text.f_gets   0x08004490       0x84 src/ff.o
                0x08004490                f_gets
 .text.putc_bfd
                0x08004514       0x86 src/ff.o
 .text.putc_flush
                0x0800459a       0x4a src/ff.o
 .text.putc_init
                0x080045e4       0x24 src/ff.o
 .text.f_printf
                0x08004608      0x4f0 src/ff.o
                0x08004608                f_printf
 .text.NVIC_SetPriority
                0x08004af8       0xdc src/flash.o
 .text.setupPVD
                0x08004bd4       0x78 src/flash.o
                0x08004bd4                setupPVD
 .text.PVD_IRQHandler
                0x08004c4c       0x1c src/flash.o
                0x08004c4c                PVD_IRQHandler
 .text.flashReadPosition
                0x08004c68       0x9c src/flash.o
                0x08004c68                flashReadPosition
 .text.openFile
                0x08004d04       0x58 src/gcode.o
                0x08004d04                openFile
 .text.readGCodeLine
                0x08004d5c       0x9c src/gcode.o
                0x08004d5c                readGCodeLine
 .text.CheckGCodeLine
                0x08004df8      0x530 src/gcode.o
                0x08004df8                CheckGCodeLine
 .text.G0       0x08005328       0x54 src/gcode.o
                0x08005328                G0
 .text.G1       0x0800537c       0x54 src/gcode.o
                0x0800537c                G1
 .text.G28      0x080053d0       0x5c src/gcode.o
                0x080053d0                G28
 .text.G281     0x0800542c       0x58 src/gcode.o
                0x0800542c                G281
 .text.G90      0x08005484       0x14 src/gcode.o
                0x08005484                G90
 .text.G91      0x08005498       0x14 src/gcode.o
                0x08005498                G91
 .text.G92      0x080054ac       0x58 src/gcode.o
                0x080054ac                G92
 .text.M00      0x08005504       0x6c src/gcode.o
                0x08005504                M00
 .text.M01      0x08005570       0x28 src/gcode.o
                0x08005570                M01
 .text.M02      0x08005598       0x28 src/gcode.o
                0x08005598                M02
 .text.M17      0x080055c0       0x64 src/gcode.o
                0x080055c0                M17
 .text.M18      0x08005624       0x64 src/gcode.o
                0x08005624                M18
 .text.M92      0x08005688       0x4c src/gcode.o
                0x08005688                M92
 .text.M199     0x080056d4       0x20 src/gcode.o
                0x080056d4                M199
 .text.M200     0x080056f4       0x20 src/gcode.o
                0x080056f4                M200
 .text.main     0x08005714      0x818 src/main.o
                0x08005714                main
 .text.setupTimer3
                0x08005f2c       0x48 src/motor.o
                0x08005f2c                setupTimer3
 .text.setupTimer15
                0x08005f74       0x4c src/motor.o
                0x08005f74                setupTimer15
 .text.setupTimer16
                0x08005fc0       0x4c src/motor.o
                0x08005fc0                setupTimer16
 .text.setupButtons
                0x0800600c       0xe4 src/motor.o
                0x0800600c                setupButtons
 .text.EXTI4_15_IRQHandler
                0x080060f0       0x6c src/motor.o
                0x080060f0                EXTI4_15_IRQHandler
 .text.TIM15_IRQHandler
                0x0800615c       0x6c src/motor.o
                0x0800615c                TIM15_IRQHandler
 .text.TIM16_IRQHandler
                0x080061c8       0x6c src/motor.o
                0x080061c8                TIM16_IRQHandler
 .text.setupGPIO
                0x08006234      0x208 src/motor.o
                0x08006234                setupGPIO
 .text.enableSteppers
                0x0800643c       0x9c src/motor.o
                0x0800643c                enableSteppers
 .text.disableSteppers
                0x080064d8       0x88 src/motor.o
                0x080064d8                disableSteppers
 .text.setupMotor
                0x08006560      0x4a8 src/motor.o
                0x08006560                setupMotor
 .text.TIM3_IRQHandler
                0x08006a08       0x18 src/motor.o
                0x08006a08                TIM3_IRQHandler
 .text.advanceMotor
                0x08006a20      0x34c src/motor.o
                0x08006a20                advanceMotor
 .text.nano_wait
                0x08006d6c       0x18 src/sd.o
                0x08006d6c                nano_wait
 .text.sd_initialize
                0x08006d84       0xc4 src/sd.o
                0x08006d84                sd_initialize
 .text.sd_ready
                0x08006e48       0xd8 src/sd.o
                0x08006e48                sd_ready
 .text.sd_command
                0x08006f20       0xd0 src/sd.o
                0x08006f20                sd_command
 .text.sd_acommand
                0x08006ff0       0x30 src/sd.o
                0x08006ff0                sd_acommand
 .text.xmit_mmc
                0x08007020       0x36 src/sdmm.o
 .text.rcvr_mmc
                0x08007056       0x38 src/sdmm.o
 *fill*         0x0800708e        0x2 
 .text.wait_ready
                0x08007090       0x48 src/sdmm.o
 .text.deselect
                0x080070d8       0x18 src/sdmm.o
 .text.select   0x080070f0       0x2a src/sdmm.o
 .text.rcvr_datablock
                0x0800711a       0x6c src/sdmm.o
 .text.xmit_datablock
                0x08007186       0x76 src/sdmm.o
 .text.send_cmd
                0x080071fc      0x118 src/sdmm.o
 .text.disk_status
                0x08007314       0x28 src/sdmm.o
                0x08007314                disk_status
 .text.disk_initialize
                0x0800733c      0x19c src/sdmm.o
                0x0800733c                disk_initialize
 .text.disk_read
                0x080074d8       0xbc src/sdmm.o
                0x080074d8                disk_read
 .text.disk_write
                0x08007594       0xdc src/sdmm.o
                0x08007594                disk_write
 .text.spi_initialize
                0x08007670      0x2f4 src/spi.o
                0x08007670                spi_initialize
 .text.spi_speed
                0x08007964       0x50 src/spi.o
                0x08007964                spi_speed
 .text.spi_write_read
                0x080079b4       0x8c src/spi.o
                0x080079b4                spi_write_read
 .text._sbrk    0x08007a40       0x58 src/syscalls.o
                0x08007a40                _sbrk
 .text.SystemInit
                0x08007a98       0x8c src/system_stm32f0xx.o
                0x08007a98                SystemInit
 .text.SetSysClock
                0x08007b24       0x94 src/system_stm32f0xx.o
 .text.usart1Init
                0x08007bb8      0x1b0 src/usart.o
                0x08007bb8                usart1Init
 .text.usart1DMAInit
                0x08007d68       0xc4 src/usart.o
                0x08007d68                usart1DMAInit
 .text.DMA1_Channel2_3_IRQHandler
                0x08007e2c       0x68 src/usart.o
                0x08007e2c                DMA1_Channel2_3_IRQHandler
 .text.USART1_IRQHandler
                0x08007e94       0xa0 src/usart.o
                0x08007e94                USART1_IRQHandler
 .text.usart1Send
                0x08007f34       0xa8 src/usart.o
                0x08007f34                usart1Send
 .text.softwareTimerInit
                0x08007fdc       0x58 src/usart.o
                0x08007fdc                softwareTimerInit
 .text.TIM14_IRQHandler
                0x08008034       0x20 src/usart.o
                0x08008034                TIM14_IRQHandler
 .text.Reset_Handler
                0x08008054       0x50 startup/startup_stm32f0xx.o
                0x08008054                Reset_Handler
 .text.Default_Handler
                0x080080a4        0x2 startup/startup_stm32f0xx.o
                0x080080a4                TIM1_CC_IRQHandler
                0x080080a4                HardFault_Handler
                0x080080a4                ADC1_COMP_IRQHandler
                0x080080a4                SysTick_Handler
                0x080080a4                PendSV_Handler
                0x080080a4                NMI_Handler
                0x080080a4                I2C1_IRQHandler
                0x080080a4                SPI1_IRQHandler
                0x080080a4                TIM6_DAC_IRQHandler
                0x080080a4                EXTI2_3_IRQHandler
                0x080080a4                I2C2_IRQHandler
                0x080080a4                TIM17_IRQHandler
                0x080080a4                RTC_IRQHandler
                0x080080a4                RCC_IRQHandler
                0x080080a4                DMA1_Channel1_IRQHandler
                0x080080a4                Default_Handler
                0x080080a4                CEC_IRQHandler
                0x080080a4                DMA1_Channel4_5_IRQHandler
                0x080080a4                EXTI0_1_IRQHandler
                0x080080a4                SPI2_IRQHandler
                0x080080a4                SVC_Handler
                0x080080a4                TS_IRQHandler
                0x080080a4                WWDG_IRQHandler
                0x080080a4                TIM2_IRQHandler
                0x080080a4                USART2_IRQHandler
                0x080080a4                FLASH_IRQHandler
                0x080080a4                TIM1_BRK_UP_TRG_COM_IRQHandler
 *fill*         0x080080a6        0x2 
 .text.round    0x080080a8       0xb0 e:/program files/stm workbench/plugins/fr.ac6.mcu.externaltools.arm-none.win32_1.16.0.201807130628/tools/compiler/bin/../lib/gcc/arm-none-eabi/7.2.1/../../../../arm-none-eabi/lib/thumb/v6-m\libm.a(lib_a-s_round.o)
                0x080080a8                round
 .text.__errno  0x08008158        0xc e:/program files/stm workbench/plugins/fr.ac6.mcu.externaltools.arm-none.win32_1.16.0.201807130628/tools/compiler/bin/../lib/gcc/arm-none-eabi/7.2.1/../../../../arm-none-eabi/lib/thumb/v6-m\libc.a(lib_a-errno.o)
                0x08008158                __errno
 .text.__libc_init_array
                0x08008164       0x48 e:/program files/stm workbench/plugins/fr.ac6.mcu.externaltools.arm-none.win32_1.16.0.201807130628/tools/compiler/bin/../lib/gcc/arm-none-eabi/7.2.1/../../../../arm-none-eabi/lib/thumb/v6-m\libc.a(lib_a-init.o)
                0x08008164                __libc_init_array
 .text.__locale_ctype_ptr
                0x080081ac       0x1c e:/program files/stm workbench/plugins/fr.ac6.mcu.externaltools.arm-none.win32_1.16.0.201807130628/tools/compiler/bin/../lib/gcc/arm-none-eabi/7.2.1/../../../../arm-none-eabi/lib/thumb/v6-m\libc.a(lib_a-locale.o)
                0x080081ac                __locale_ctype_ptr
 .text.__ascii_mbtowc
                0x080081c8       0x2c e:/program files/stm workbench/plugins/fr.ac6.mcu.externaltools.arm-none.win32_1.16.0.201807130628/tools/compiler/bin/../lib/gcc/arm-none-eabi/7.2.1/../../../../arm-none-eabi/lib/thumb/v6-m\libc.a(lib_a-mbtowc_r.o)
                0x080081c8                __ascii_mbtowc
 .text.memset   0x080081f4       0x9c e:/program files/stm workbench/plugins/fr.ac6.mcu.externaltools.arm-none.win32_1.16.0.201807130628/tools/compiler/bin/../lib/gcc/arm-none-eabi/7.2.1/../../../../arm-none-eabi/lib/thumb/v6-m\libc.a(lib_a-memset.o)
                0x080081f4                memset
 .text.sprintf  0x08008290       0x40 e:/program files/stm workbench/plugins/fr.ac6.mcu.externaltools.arm-none.win32_1.16.0.201807130628/tools/compiler/bin/../lib/gcc/arm-none-eabi/7.2.1/../../../../arm-none-eabi/lib/thumb/v6-m\libc.a(lib_a-sprintf.o)
                0x08008290                sprintf
 .text.strcpy   0x080082d0       0x10 e:/program files/stm workbench/plugins/fr.ac6.mcu.externaltools.arm-none.win32_1.16.0.201807130628/tools/compiler/bin/../lib/gcc/arm-none-eabi/7.2.1/../../../../arm-none-eabi/lib/thumb/v6-m\libc.a(lib_a-strcpy.o)
                0x080082d0                strcpy
 .text.strlen   0x080082e0       0x64 e:/program files/stm workbench/plugins/fr.ac6.mcu.externaltools.arm-none.win32_1.16.0.201807130628/tools/compiler/bin/../lib/gcc/arm-none-eabi/7.2.1/../../../../arm-none-eabi/lib/thumb/v6-m\libc.a(lib_a-strlen-stub.o)
                0x080082e0                strlen
 .text.strncmp  0x08008344       0x8c e:/program files/stm workbench/plugins/fr.ac6.mcu.externaltools.arm-none.win32_1.16.0.201807130628/tools/compiler/bin/../lib/gcc/arm-none-eabi/7.2.1/../../../../arm-none-eabi/lib/thumb/v6-m\libc.a(lib_a-strncmp.o)
                0x08008344                strncmp
 .text.unlikely.sulp
                0x080083d0       0x30 e:/program files/stm workbench/plugins/fr.ac6.mcu.externaltools.arm-none.win32_1.16.0.201807130628/tools/compiler/bin/../lib/gcc/arm-none-eabi/7.2.1/../../../../arm-none-eabi/lib/thumb/v6-m\libc.a(lib_a-strtod.o)
 .text._strtod_l
                0x08008400      0xe6c e:/program files/stm workbench/plugins/fr.ac6.mcu.externaltools.arm-none.win32_1.16.0.201807130628/tools/compiler/bin/../lib/gcc/arm-none-eabi/7.2.1/../../../../arm-none-eabi/lib/thumb/v6-m\libc.a(lib_a-strtod.o)
                0x08008400                _strtod_l
 .text.strtod   0x0800926c       0x24 e:/program files/stm workbench/plugins/fr.ac6.mcu.externaltools.arm-none.win32_1.16.0.201807130628/tools/compiler/bin/../lib/gcc/arm-none-eabi/7.2.1/../../../../arm-none-eabi/lib/thumb/v6-m\libc.a(lib_a-strtod.o)
                0x0800926c                strtod
 .text._svfprintf_r
                0x08009290     0x15b4 e:/program files/stm workbench/plugins/fr.ac6.mcu.externaltools.arm-none.win32_1.16.0.201807130628/tools/compiler/bin/../lib/gcc/arm-none-eabi/7.2.1/../../../../arm-none-eabi/lib/thumb/v6-m\libc.a(lib_a-svfprintf.o)
                0x08009290                _svfprintf_r
 .text.__ascii_wctomb
                0x0800a844       0x1c e:/program files/stm workbench/plugins/fr.ac6.mcu.externaltools.arm-none.win32_1.16.0.201807130628/tools/compiler/bin/../lib/gcc/arm-none-eabi/7.2.1/../../../../arm-none-eabi/lib/thumb/v6-m\libc.a(lib_a-wctomb_r.o)
                0x0800a844                __ascii_wctomb
 .text.startup.register_fini
                0x0800a860       0x18 e:/program files/stm workbench/plugins/fr.ac6.mcu.externaltools.arm-none.win32_1.16.0.201807130628/tools/compiler/bin/../lib/gcc/arm-none-eabi/7.2.1/../../../../arm-none-eabi/lib/thumb/v6-m\libc.a(lib_a-__call_atexit.o)
 .text.atexit   0x0800a878       0x10 e:/program files/stm workbench/plugins/fr.ac6.mcu.externaltools.arm-none.win32_1.16.0.201807130628/tools/compiler/bin/../lib/gcc/arm-none-eabi/7.2.1/../../../../arm-none-eabi/lib/thumb/v6-m\libc.a(lib_a-atexit.o)
                0x0800a878                atexit
 .text.quorem   0x0800a888      0x154 e:/program files/stm workbench/plugins/fr.ac6.mcu.externaltools.arm-none.win32_1.16.0.201807130628/tools/compiler/bin/../lib/gcc/arm-none-eabi/7.2.1/../../../../arm-none-eabi/lib/thumb/v6-m\libc.a(lib_a-dtoa.o)
 .text._dtoa_r  0x0800a9dc      0xf54 e:/program files/stm workbench/plugins/fr.ac6.mcu.externaltools.arm-none.win32_1.16.0.201807130628/tools/compiler/bin/../lib/gcc/arm-none-eabi/7.2.1/../../../../arm-none-eabi/lib/thumb/v6-m\libc.a(lib_a-dtoa.o)
                0x0800a9dc                _dtoa_r
 .text.__libc_fini_array
                0x0800b930       0x34 e:/program files/stm workbench/plugins/fr.ac6.mcu.externaltools.arm-none.win32_1.16.0.201807130628/tools/compiler/bin/../lib/gcc/arm-none-eabi/7.2.1/../../../../arm-none-eabi/lib/thumb/v6-m\libc.a(lib_a-fini.o)
                0x0800b930                __libc_fini_array
 .text._malloc_trim_r
                0x0800b964       0xa0 e:/program files/stm workbench/plugins/fr.ac6.mcu.externaltools.arm-none.win32_1.16.0.201807130628/tools/compiler/bin/../lib/gcc/arm-none-eabi/7.2.1/../../../../arm-none-eabi/lib/thumb/v6-m\libc.a(lib_a-freer.o)
                0x0800b964                _malloc_trim_r
 .text._free_r  0x0800ba04      0x1d4 e:/program files/stm workbench/plugins/fr.ac6.mcu.externaltools.arm-none.win32_1.16.0.201807130628/tools/compiler/bin/../lib/gcc/arm-none-eabi/7.2.1/../../../../arm-none-eabi/lib/thumb/v6-m\libc.a(lib_a-freer.o)
                0x0800ba04                _free_r
 .text.rshift   0x0800bbd8       0xa8 e:/program files/stm workbench/plugins/fr.ac6.mcu.externaltools.arm-none.win32_1.16.0.201807130628/tools/compiler/bin/../lib/gcc/arm-none-eabi/7.2.1/../../../../arm-none-eabi/lib/thumb/v6-m\libc.a(lib_a-gdtoa-gethex.o)
 .text.__gethex
                0x0800bc80      0x550 e:/program files/stm workbench/plugins/fr.ac6.mcu.externaltools.arm-none.win32_1.16.0.201807130628/tools/compiler/bin/../lib/gcc/arm-none-eabi/7.2.1/../../../../arm-none-eabi/lib/thumb/v6-m\libc.a(lib_a-gdtoa-gethex.o)
                0x0800bc80                __gethex
 .text.__match  0x0800c1d0       0x2c e:/program files/stm workbench/plugins/fr.ac6.mcu.externaltools.arm-none.win32_1.16.0.201807130628/tools/compiler/bin/../lib/gcc/arm-none-eabi/7.2.1/../../../../arm-none-eabi/lib/thumb/v6-m\libc.a(lib_a-gdtoa-hexnan.o)
                0x0800c1d0                __match
 .text.__hexnan
                0x0800c1fc      0x1a0 e:/program files/stm workbench/plugins/fr.ac6.mcu.externaltools.arm-none.win32_1.16.0.201807130628/tools/compiler/bin/../lib/gcc/arm-none-eabi/7.2.1/../../../../arm-none-eabi/lib/thumb/v6-m\libc.a(lib_a-gdtoa-hexnan.o)
                0x0800c1fc                __hexnan
 .text.__localeconv_l
                0x0800c39c        0x4 e:/program files/stm workbench/plugins/fr.ac6.mcu.externaltools.arm-none.win32_1.16.0.201807130628/tools/compiler/bin/../lib/gcc/arm-none-eabi/7.2.1/../../../../arm-none-eabi/lib/thumb/v6-m\libc.a(lib_a-localeconv.o)
                0x0800c39c                __localeconv_l
 .text._localeconv_r
                0x0800c3a0       0x18 e:/program files/stm workbench/plugins/fr.ac6.mcu.externaltools.arm-none.win32_1.16.0.201807130628/tools/compiler/bin/../lib/gcc/arm-none-eabi/7.2.1/../../../../arm-none-eabi/lib/thumb/v6-m\libc.a(lib_a-localeconv.o)
                0x0800c3a0                _localeconv_r
 .text.__retarget_lock_acquire_recursive
                0x0800c3b8        0x4 e:/program files/stm workbench/plugins/fr.ac6.mcu.externaltools.arm-none.win32_1.16.0.201807130628/tools/compiler/bin/../lib/gcc/arm-none-eabi/7.2.1/../../../../arm-none-eabi/lib/thumb/v6-m\libc.a(lib_a-lock.o)
                0x0800c3b8                __retarget_lock_acquire_recursive
 .text.__retarget_lock_release_recursive
                0x0800c3bc        0x4 e:/program files/stm workbench/plugins/fr.ac6.mcu.externaltools.arm-none.win32_1.16.0.201807130628/tools/compiler/bin/../lib/gcc/arm-none-eabi/7.2.1/../../../../arm-none-eabi/lib/thumb/v6-m\libc.a(lib_a-lock.o)
                0x0800c3bc                __retarget_lock_release_recursive
 .text._malloc_r
                0x0800c3c0      0x554 e:/program files/stm workbench/plugins/fr.ac6.mcu.externaltools.arm-none.win32_1.16.0.201807130628/tools/compiler/bin/../lib/gcc/arm-none-eabi/7.2.1/../../../../arm-none-eabi/lib/thumb/v6-m\libc.a(lib_a-mallocr.o)
                0x0800c3c0                _malloc_r
 .text.memchr   0x0800c914       0x80 e:/program files/stm workbench/plugins/fr.ac6.mcu.externaltools.arm-none.win32_1.16.0.201807130628/tools/compiler/bin/../lib/gcc/arm-none-eabi/7.2.1/../../../../arm-none-eabi/lib/thumb/v6-m\libc.a(lib_a-memchr-stub.o)
                0x0800c914                memchr
 .text.memcpy   0x0800c994       0x88 e:/program files/stm workbench/plugins/fr.ac6.mcu.externaltools.arm-none.win32_1.16.0.201807130628/tools/compiler/bin/../lib/gcc/arm-none-eabi/7.2.1/../../../../arm-none-eabi/lib/thumb/v6-m\libc.a(lib_a-memcpy-stub.o)
                0x0800c994                memcpy
 .text.__malloc_lock
                0x0800ca1c       0x10 e:/program files/stm workbench/plugins/fr.ac6.mcu.externaltools.arm-none.win32_1.16.0.201807130628/tools/compiler/bin/../lib/gcc/arm-none-eabi/7.2.1/../../../../arm-none-eabi/lib/thumb/v6-m\libc.a(lib_a-mlock.o)
                0x0800ca1c                __malloc_lock
 .text.__malloc_unlock
                0x0800ca2c       0x10 e:/program files/stm workbench/plugins/fr.ac6.mcu.externaltools.arm-none.win32_1.16.0.201807130628/tools/compiler/bin/../lib/gcc/arm-none-eabi/7.2.1/../../../../arm-none-eabi/lib/thumb/v6-m\libc.a(lib_a-mlock.o)
                0x0800ca2c                __malloc_unlock
 .text._Balloc  0x0800ca3c       0x50 e:/program files/stm workbench/plugins/fr.ac6.mcu.externaltools.arm-none.win32_1.16.0.201807130628/tools/compiler/bin/../lib/gcc/arm-none-eabi/7.2.1/../../../../arm-none-eabi/lib/thumb/v6-m\libc.a(lib_a-mprec.o)
                0x0800ca3c                _Balloc
 .text._Bfree   0x0800ca8c       0x14 e:/program files/stm workbench/plugins/fr.ac6.mcu.externaltools.arm-none.win32_1.16.0.201807130628/tools/compiler/bin/../lib/gcc/arm-none-eabi/7.2.1/../../../../arm-none-eabi/lib/thumb/v6-m\libc.a(lib_a-mprec.o)
                0x0800ca8c                _Bfree
 .text.__multadd
                0x0800caa0       0x8c e:/program files/stm workbench/plugins/fr.ac6.mcu.externaltools.arm-none.win32_1.16.0.201807130628/tools/compiler/bin/../lib/gcc/arm-none-eabi/7.2.1/../../../../arm-none-eabi/lib/thumb/v6-m\libc.a(lib_a-mprec.o)
                0x0800caa0                __multadd
 .text.__s2b    0x0800cb2c       0x90 e:/program files/stm workbench/plugins/fr.ac6.mcu.externaltools.arm-none.win32_1.16.0.201807130628/tools/compiler/bin/../lib/gcc/arm-none-eabi/7.2.1/../../../../arm-none-eabi/lib/thumb/v6-m\libc.a(lib_a-mprec.o)
                0x0800cb2c                __s2b
 .text.__hi0bits
                0x0800cbbc       0x38 e:/program files/stm workbench/plugins/fr.ac6.mcu.externaltools.arm-none.win32_1.16.0.201807130628/tools/compiler/bin/../lib/gcc/arm-none-eabi/7.2.1/../../../../arm-none-eabi/lib/thumb/v6-m\libc.a(lib_a-mprec.o)
                0x0800cbbc                __hi0bits
 .text.__lo0bits
                0x0800cbf4       0x5c e:/program files/stm workbench/plugins/fr.ac6.mcu.externaltools.arm-none.win32_1.16.0.201807130628/tools/compiler/bin/../lib/gcc/arm-none-eabi/7.2.1/../../../../arm-none-eabi/lib/thumb/v6-m\libc.a(lib_a-mprec.o)
                0x0800cbf4                __lo0bits
 .text.__i2b    0x0800cc50       0x14 e:/program files/stm workbench/plugins/fr.ac6.mcu.externaltools.arm-none.win32_1.16.0.201807130628/tools/compiler/bin/../lib/gcc/arm-none-eabi/7.2.1/../../../../arm-none-eabi/lib/thumb/v6-m\libc.a(lib_a-mprec.o)
                0x0800cc50                __i2b
 .text.__multiply
                0x0800cc64      0x178 e:/program files/stm workbench/plugins/fr.ac6.mcu.externaltools.arm-none.win32_1.16.0.201807130628/tools/compiler/bin/../lib/gcc/arm-none-eabi/7.2.1/../../../../arm-none-eabi/lib/thumb/v6-m\libc.a(lib_a-mprec.o)
                0x0800cc64                __multiply
 .text.__pow5mult
                0x0800cddc       0xc0 e:/program files/stm workbench/plugins/fr.ac6.mcu.externaltools.arm-none.win32_1.16.0.201807130628/tools/compiler/bin/../lib/gcc/arm-none-eabi/7.2.1/../../../../arm-none-eabi/lib/thumb/v6-m\libc.a(lib_a-mprec.o)
                0x0800cddc                __pow5mult
 .text.__lshift
                0x0800ce9c       0xc8 e:/program files/stm workbench/plugins/fr.ac6.mcu.externaltools.arm-none.win32_1.16.0.201807130628/tools/compiler/bin/../lib/gcc/arm-none-eabi/7.2.1/../../../../arm-none-eabi/lib/thumb/v6-m\libc.a(lib_a-mprec.o)
                0x0800ce9c                __lshift
 .text.__mcmp   0x0800cf64       0x34 e:/program files/stm workbench/plugins/fr.ac6.mcu.externaltools.arm-none.win32_1.16.0.201807130628/tools/compiler/bin/../lib/gcc/arm-none-eabi/7.2.1/../../../../arm-none-eabi/lib/thumb/v6-m\libc.a(lib_a-mprec.o)
                0x0800cf64                __mcmp
 .text.__mdiff  0x0800cf98      0x124 e:/program files/stm workbench/plugins/fr.ac6.mcu.externaltools.arm-none.win32_1.16.0.201807130628/tools/compiler/bin/../lib/gcc/arm-none-eabi/7.2.1/../../../../arm-none-eabi/lib/thumb/v6-m\libc.a(lib_a-mprec.o)
                0x0800cf98                __mdiff
 .text.__ulp    0x0800d0bc       0x4c e:/program files/stm workbench/plugins/fr.ac6.mcu.externaltools.arm-none.win32_1.16.0.201807130628/tools/compiler/bin/../lib/gcc/arm-none-eabi/7.2.1/../../../../arm-none-eabi/lib/thumb/v6-m\libc.a(lib_a-mprec.o)
                0x0800d0bc                __ulp
 .text.__b2d    0x0800d108       0xbc e:/program files/stm workbench/plugins/fr.ac6.mcu.externaltools.arm-none.win32_1.16.0.201807130628/tools/compiler/bin/../lib/gcc/arm-none-eabi/7.2.1/../../../../arm-none-eabi/lib/thumb/v6-m\libc.a(lib_a-mprec.o)
                0x0800d108                __b2d
 .text.__d2b    0x0800d1c4       0xbc e:/program files/stm workbench/plugins/fr.ac6.mcu.externaltools.arm-none.win32_1.16.0.201807130628/tools/compiler/bin/../lib/gcc/arm-none-eabi/7.2.1/../../../../arm-none-eabi/lib/thumb/v6-m\libc.a(lib_a-mprec.o)
                0x0800d1c4                __d2b
 .text.__ratio  0x0800d280       0x74 e:/program files/stm workbench/plugins/fr.ac6.mcu.externaltools.arm-none.win32_1.16.0.201807130628/tools/compiler/bin/../lib/gcc/arm-none-eabi/7.2.1/../../../../arm-none-eabi/lib/thumb/v6-m\libc.a(lib_a-mprec.o)
                0x0800d280                __ratio
 .text.__copybits
                0x0800d2f4       0x40 e:/program files/stm workbench/plugins/fr.ac6.mcu.externaltools.arm-none.win32_1.16.0.201807130628/tools/compiler/bin/../lib/gcc/arm-none-eabi/7.2.1/../../../../arm-none-eabi/lib/thumb/v6-m\libc.a(lib_a-mprec.o)
                0x0800d2f4                __copybits
 .text.__any_on
                0x0800d334       0x58 e:/program files/stm workbench/plugins/fr.ac6.mcu.externaltools.arm-none.win32_1.16.0.201807130628/tools/compiler/bin/../lib/gcc/arm-none-eabi/7.2.1/../../../../arm-none-eabi/lib/thumb/v6-m\libc.a(lib_a-mprec.o)
                0x0800d334                __any_on
 .text._sbrk_r  0x0800d38c       0x24 e:/program files/stm workbench/plugins/fr.ac6.mcu.externaltools.arm-none.win32_1.16.0.201807130628/tools/compiler/bin/../lib/gcc/arm-none-eabi/7.2.1/../../../../arm-none-eabi/lib/thumb/v6-m\libc.a(lib_a-sbrkr.o)
                0x0800d38c                _sbrk_r
 .text.__ssprint_r
                0x0800d3b0      0x118 e:/program files/stm workbench/plugins/fr.ac6.mcu.externaltools.arm-none.win32_1.16.0.201807130628/tools/compiler/bin/../lib/gcc/arm-none-eabi/7.2.1/../../../../arm-none-eabi/lib/thumb/v6-m\libc.a(lib_a-svfiprintf.o)
                0x0800d3b0                __ssprint_r
 .text.__register_exitproc
                0x0800d4c8       0xf4 e:/program files/stm workbench/plugins/fr.ac6.mcu.externaltools.arm-none.win32_1.16.0.201807130628/tools/compiler/bin/../lib/gcc/arm-none-eabi/7.2.1/../../../../arm-none-eabi/lib/thumb/v6-m\libc.a(lib_a-__atexit.o)
                0x0800d4c8                __register_exitproc
 .text._calloc_r
                0x0800d5bc       0x58 e:/program files/stm workbench/plugins/fr.ac6.mcu.externaltools.arm-none.win32_1.16.0.201807130628/tools/compiler/bin/../lib/gcc/arm-none-eabi/7.2.1/../../../../arm-none-eabi/lib/thumb/v6-m\libc.a(lib_a-callocr.o)
                0x0800d5bc                _calloc_r
 .text.memmove  0x0800d614       0x9c e:/program files/stm workbench/plugins/fr.ac6.mcu.externaltools.arm-none.win32_1.16.0.201807130628/tools/compiler/bin/../lib/gcc/arm-none-eabi/7.2.1/../../../../arm-none-eabi/lib/thumb/v6-m\libc.a(lib_a-memmove.o)
                0x0800d614                memmove
 .text._realloc_r
                0x0800d6b0      0x3b0 e:/program files/stm workbench/plugins/fr.ac6.mcu.externaltools.arm-none.win32_1.16.0.201807130628/tools/compiler/bin/../lib/gcc/arm-none-eabi/7.2.1/../../../../arm-none-eabi/lib/thumb/v6-m\libc.a(lib_a-reallocr.o)
                0x0800d6b0                _realloc_r
 *(.rodata)
 .rodata        0x0800da60      0x100 src/ff.o
 .rodata        0x0800db60       0xf0 src/gcode.o
 .rodata        0x0800dc50       0x65 src/main.o
 *fill*         0x0800dcb5        0x3 
 .rodata        0x0800dcb8       0x40 e:/program files/stm workbench/plugins/fr.ac6.mcu.externaltools.arm-none.win32_1.16.0.201807130628/tools/compiler/bin/../lib/gcc/arm-none-eabi/7.2.1/thumb/v6-m\libgcc.a(divdf3.o)
 .rodata        0x0800dcf8       0x40 e:/program files/stm workbench/plugins/fr.ac6.mcu.externaltools.arm-none.win32_1.16.0.201807130628/tools/compiler/bin/../lib/gcc/arm-none-eabi/7.2.1/thumb/v6-m\libgcc.a(muldf3.o)
 *(.rodata*)
 .rodata._global_impure_ptr
                0x0800dd38        0x4 e:/program files/stm workbench/plugins/fr.ac6.mcu.externaltools.arm-none.win32_1.16.0.201807130628/tools/compiler/bin/../lib/gcc/arm-none-eabi/7.2.1/../../../../arm-none-eabi/lib/thumb/v6-m\libc.a(lib_a-impure.o)
                0x0800dd38                _global_impure_ptr
 .rodata._setlocale_r.str1.4
                0x0800dd3c        0xa e:/program files/stm workbench/plugins/fr.ac6.mcu.externaltools.arm-none.win32_1.16.0.201807130628/tools/compiler/bin/../lib/gcc/arm-none-eabi/7.2.1/../../../../arm-none-eabi/lib/thumb/v6-m\libc.a(lib_a-locale.o)
                                  0xd (size before relaxing)
 *fill*         0x0800dd46        0x2 
 .rodata.str1.4
                0x0800dd48        0x2 e:/program files/stm workbench/plugins/fr.ac6.mcu.externaltools.arm-none.win32_1.16.0.201807130628/tools/compiler/bin/../lib/gcc/arm-none-eabi/7.2.1/../../../../arm-none-eabi/lib/thumb/v6-m\libc.a(lib_a-locale.o)
 *fill*         0x0800dd4a        0x2 
 .rodata._strtod_l
                0x0800dd4c       0xd0 e:/program files/stm workbench/plugins/fr.ac6.mcu.externaltools.arm-none.win32_1.16.0.201807130628/tools/compiler/bin/../lib/gcc/arm-none-eabi/7.2.1/../../../../arm-none-eabi/lib/thumb/v6-m\libc.a(lib_a-strtod.o)
 .rodata._strtod_l.str1.4
                0x0800de1c        0xf e:/program files/stm workbench/plugins/fr.ac6.mcu.externaltools.arm-none.win32_1.16.0.201807130628/tools/compiler/bin/../lib/gcc/arm-none-eabi/7.2.1/../../../../arm-none-eabi/lib/thumb/v6-m\libc.a(lib_a-strtod.o)
 *fill*         0x0800de2b        0x1 
 .rodata.fpi.6168
                0x0800de2c       0x14 e:/program files/stm workbench/plugins/fr.ac6.mcu.externaltools.arm-none.win32_1.16.0.201807130628/tools/compiler/bin/../lib/gcc/arm-none-eabi/7.2.1/../../../../arm-none-eabi/lib/thumb/v6-m\libc.a(lib_a-strtod.o)
 .rodata.fpinan.6204
                0x0800de40       0x14 e:/program files/stm workbench/plugins/fr.ac6.mcu.externaltools.arm-none.win32_1.16.0.201807130628/tools/compiler/bin/../lib/gcc/arm-none-eabi/7.2.1/../../../../arm-none-eabi/lib/thumb/v6-m\libc.a(lib_a-strtod.o)
 *fill*         0x0800de54        0x4 
 .rodata.tinytens
                0x0800de58       0x28 e:/program files/stm workbench/plugins/fr.ac6.mcu.externaltools.arm-none.win32_1.16.0.201807130628/tools/compiler/bin/../lib/gcc/arm-none-eabi/7.2.1/../../../../arm-none-eabi/lib/thumb/v6-m\libc.a(lib_a-strtod.o)
 .rodata._svfprintf_r
                0x0800de80      0x164 e:/program files/stm workbench/plugins/fr.ac6.mcu.externaltools.arm-none.win32_1.16.0.201807130628/tools/compiler/bin/../lib/gcc/arm-none-eabi/7.2.1/../../../../arm-none-eabi/lib/thumb/v6-m\libc.a(lib_a-svfprintf.o)
 .rodata._svfprintf_r.str1.4
                0x0800dfe4       0x42 e:/program files/stm workbench/plugins/fr.ac6.mcu.externaltools.arm-none.win32_1.16.0.201807130628/tools/compiler/bin/../lib/gcc/arm-none-eabi/7.2.1/../../../../arm-none-eabi/lib/thumb/v6-m\libc.a(lib_a-svfprintf.o)
 *fill*         0x0800e026        0x2 
 .rodata.blanks.7276
                0x0800e028       0x10 e:/program files/stm workbench/plugins/fr.ac6.mcu.externaltools.arm-none.win32_1.16.0.201807130628/tools/compiler/bin/../lib/gcc/arm-none-eabi/7.2.1/../../../../arm-none-eabi/lib/thumb/v6-m\libc.a(lib_a-svfprintf.o)
 .rodata.zeroes.7277
                0x0800e038       0x10 e:/program files/stm workbench/plugins/fr.ac6.mcu.externaltools.arm-none.win32_1.16.0.201807130628/tools/compiler/bin/../lib/gcc/arm-none-eabi/7.2.1/../../../../arm-none-eabi/lib/thumb/v6-m\libc.a(lib_a-svfprintf.o)
 .rodata._ctype_
                0x0800e048      0x101 e:/program files/stm workbench/plugins/fr.ac6.mcu.externaltools.arm-none.win32_1.16.0.201807130628/tools/compiler/bin/../lib/gcc/arm-none-eabi/7.2.1/../../../../arm-none-eabi/lib/thumb/v6-m\libc.a(lib_a-ctype_.o)
                0x0800e048                _ctype_
 *fill*         0x0800e149        0x3 
 .rodata._dtoa_r.str1.4
                0x0800e14c       0x10 e:/program files/stm workbench/plugins/fr.ac6.mcu.externaltools.arm-none.win32_1.16.0.201807130628/tools/compiler/bin/../lib/gcc/arm-none-eabi/7.2.1/../../../../arm-none-eabi/lib/thumb/v6-m\libc.a(lib_a-dtoa.o)
                                 0x12 (size before relaxing)
 .rodata.__hexdig
                0x0800e15c      0x100 e:/program files/stm workbench/plugins/fr.ac6.mcu.externaltools.arm-none.win32_1.16.0.201807130628/tools/compiler/bin/../lib/gcc/arm-none-eabi/7.2.1/../../../../arm-none-eabi/lib/thumb/v6-m\libc.a(lib_a-gdtoa-gethex.o)
                0x0800e15c                __hexdig
 *fill*         0x0800e25c        0x4 
 .rodata.__mprec_bigtens
                0x0800e260       0x28 e:/program files/stm workbench/plugins/fr.ac6.mcu.externaltools.arm-none.win32_1.16.0.201807130628/tools/compiler/bin/../lib/gcc/arm-none-eabi/7.2.1/../../../../arm-none-eabi/lib/thumb/v6-m\libc.a(lib_a-mprec.o)
                0x0800e260                __mprec_bigtens
 .rodata.__mprec_tens
                0x0800e288       0xc8 e:/program files/stm workbench/plugins/fr.ac6.mcu.externaltools.arm-none.win32_1.16.0.201807130628/tools/compiler/bin/../lib/gcc/arm-none-eabi/7.2.1/../../../../arm-none-eabi/lib/thumb/v6-m\libc.a(lib_a-mprec.o)
                0x0800e288                __mprec_tens
 .rodata.p05.6092
                0x0800e350        0xc e:/program files/stm workbench/plugins/fr.ac6.mcu.externaltools.arm-none.win32_1.16.0.201807130628/tools/compiler/bin/../lib/gcc/arm-none-eabi/7.2.1/../../../../arm-none-eabi/lib/thumb/v6-m\libc.a(lib_a-mprec.o)
 *(.glue_7)
 .glue_7        0x0800e35c        0x0 linker stubs
 *(.glue_7t)
 .glue_7t       0x0800e35c        0x0 linker stubs
 *(.eh_frame)
 .eh_frame      0x0800e35c        0x0 e:/program files/stm workbench/plugins/fr.ac6.mcu.externaltools.arm-none.win32_1.16.0.201807130628/tools/compiler/bin/../lib/gcc/arm-none-eabi/7.2.1/thumb/v6-m/crtbegin.o
 *(.init)
 .init          0x0800e35c        0x4 e:/program files/stm workbench/plugins/fr.ac6.mcu.externaltools.arm-none.win32_1.16.0.201807130628/tools/compiler/bin/../lib/gcc/arm-none-eabi/7.2.1/thumb/v6-m/crti.o
                0x0800e35c                _init
 .init          0x0800e360        0x8 e:/program files/stm workbench/plugins/fr.ac6.mcu.externaltools.arm-none.win32_1.16.0.201807130628/tools/compiler/bin/../lib/gcc/arm-none-eabi/7.2.1/thumb/v6-m/crtn.o
 *(.fini)
 .fini          0x0800e368        0x4 e:/program files/stm workbench/plugins/fr.ac6.mcu.externaltools.arm-none.win32_1.16.0.201807130628/tools/compiler/bin/../lib/gcc/arm-none-eabi/7.2.1/thumb/v6-m/crti.o
                0x0800e368                _fini
 .fini          0x0800e36c        0x8 e:/program files/stm workbench/plugins/fr.ac6.mcu.externaltools.arm-none.win32_1.16.0.201807130628/tools/compiler/bin/../lib/gcc/arm-none-eabi/7.2.1/thumb/v6-m/crtn.o
                0x0800e374                . = ALIGN (0x4)
                0x0800e374                _etext = .

.vfp11_veneer   0x0800e374        0x0
 .vfp11_veneer  0x0800e374        0x0 linker stubs

.v4_bx          0x0800e374        0x0
 .v4_bx         0x0800e374        0x0 linker stubs

.iplt           0x0800e374        0x0
 .iplt          0x0800e374        0x0 e:/program files/stm workbench/plugins/fr.ac6.mcu.externaltools.arm-none.win32_1.16.0.201807130628/tools/compiler/bin/../lib/gcc/arm-none-eabi/7.2.1/thumb/v6-m/crtbegin.o

.ARM.extab
 *(.ARM.extab* .gnu.linkonce.armextab.*)

.ARM            0x0800e374        0x8
                0x0800e374                __exidx_start = .
 *(.ARM.exidx*)
 .ARM.exidx     0x0800e374        0x8 e:/program files/stm workbench/plugins/fr.ac6.mcu.externaltools.arm-none.win32_1.16.0.201807130628/tools/compiler/bin/../lib/gcc/arm-none-eabi/7.2.1/thumb/v6-m\libgcc.a(_udivmoddi4.o)
                0x0800e37c                __exidx_end = .

.rel.dyn        0x0800e37c        0x0
 .rel.iplt      0x0800e37c        0x0 e:/program files/stm workbench/plugins/fr.ac6.mcu.externaltools.arm-none.win32_1.16.0.201807130628/tools/compiler/bin/../lib/gcc/arm-none-eabi/7.2.1/thumb/v6-m/crtbegin.o

.preinit_array  0x0800e37c        0x0
                0x0800e37c                PROVIDE (__preinit_array_start, .)
 *(.preinit_array*)
                0x0800e37c                PROVIDE (__preinit_array_end, .)

.init_array     0x0800e37c        0x8
                0x0800e37c                PROVIDE (__init_array_start, .)
 *(SORT_BY_NAME(.init_array.*))
 .init_array.00000
                0x0800e37c        0x4 e:/program files/stm workbench/plugins/fr.ac6.mcu.externaltools.arm-none.win32_1.16.0.201807130628/tools/compiler/bin/../lib/gcc/arm-none-eabi/7.2.1/../../../../arm-none-eabi/lib/thumb/v6-m\libc.a(lib_a-__call_atexit.o)
 *(.init_array*)
 .init_array    0x0800e380        0x4 e:/program files/stm workbench/plugins/fr.ac6.mcu.externaltools.arm-none.win32_1.16.0.201807130628/tools/compiler/bin/../lib/gcc/arm-none-eabi/7.2.1/thumb/v6-m/crtbegin.o
                0x0800e384                PROVIDE (__init_array_end, .)

.fini_array     0x0800e384        0x4
                0x0800e384                PROVIDE (__fini_array_start, .)
 *(SORT_BY_NAME(.fini_array.*))
 *(.fini_array*)
 .fini_array    0x0800e384        0x4 e:/program files/stm workbench/plugins/fr.ac6.mcu.externaltools.arm-none.win32_1.16.0.201807130628/tools/compiler/bin/../lib/gcc/arm-none-eabi/7.2.1/thumb/v6-m/crtbegin.o
                0x0800e388                PROVIDE (__fini_array_end, .)
                0x0800e388                _sidata = LOADADDR (.data)

.data           0x20000000      0x9b0 load address 0x0800e388
                0x20000000                . = ALIGN (0x4)
                0x20000000                _sdata = .
 *(.data)
 .data          0x20000000        0x1 src/sdmm.o
 *(.data*)
 *fill*         0x20000001        0x3 
 .data._impure_ptr
                0x20000004        0x4 e:/program files/stm workbench/plugins/fr.ac6.mcu.externaltools.arm-none.win32_1.16.0.201807130628/tools/compiler/bin/../lib/gcc/arm-none-eabi/7.2.1/../../../../arm-none-eabi/lib/thumb/v6-m\libc.a(lib_a-impure.o)
                0x20000004                _impure_ptr
 .data.impure_data
                0x20000008      0x428 e:/program files/stm workbench/plugins/fr.ac6.mcu.externaltools.arm-none.win32_1.16.0.201807130628/tools/compiler/bin/../lib/gcc/arm-none-eabi/7.2.1/../../../../arm-none-eabi/lib/thumb/v6-m\libc.a(lib_a-impure.o)
 .data.__global_locale
                0x20000430      0x16c e:/program files/stm workbench/plugins/fr.ac6.mcu.externaltools.arm-none.win32_1.16.0.201807130628/tools/compiler/bin/../lib/gcc/arm-none-eabi/7.2.1/../../../../arm-none-eabi/lib/thumb/v6-m\libc.a(lib_a-locale.o)
                0x20000430                __global_locale
 .data.__atexit_recursive_mutex
                0x2000059c        0x4 e:/program files/stm workbench/plugins/fr.ac6.mcu.externaltools.arm-none.win32_1.16.0.201807130628/tools/compiler/bin/../lib/gcc/arm-none-eabi/7.2.1/../../../../arm-none-eabi/lib/thumb/v6-m\libc.a(lib_a-__call_atexit.o)
                0x2000059c                __atexit_recursive_mutex
 .data.__malloc_av_
                0x200005a0      0x408 e:/program files/stm workbench/plugins/fr.ac6.mcu.externaltools.arm-none.win32_1.16.0.201807130628/tools/compiler/bin/../lib/gcc/arm-none-eabi/7.2.1/../../../../arm-none-eabi/lib/thumb/v6-m\libc.a(lib_a-mallocr.o)
                0x200005a0                __malloc_av_
 .data.__malloc_sbrk_base
                0x200009a8        0x4 e:/program files/stm workbench/plugins/fr.ac6.mcu.externaltools.arm-none.win32_1.16.0.201807130628/tools/compiler/bin/../lib/gcc/arm-none-eabi/7.2.1/../../../../arm-none-eabi/lib/thumb/v6-m\libc.a(lib_a-mallocr.o)
                0x200009a8                __malloc_sbrk_base
 .data.__malloc_trim_threshold
                0x200009ac        0x4 e:/program files/stm workbench/plugins/fr.ac6.mcu.externaltools.arm-none.win32_1.16.0.201807130628/tools/compiler/bin/../lib/gcc/arm-none-eabi/7.2.1/../../../../arm-none-eabi/lib/thumb/v6-m\libc.a(lib_a-mallocr.o)
                0x200009ac                __malloc_trim_threshold
                0x200009b0                . = ALIGN (0x4)
                0x200009b0                _edata = .

.igot.plt       0x200009b0        0x0 load address 0x0800ed38
 .igot.plt      0x200009b0        0x0 e:/program files/stm workbench/plugins/fr.ac6.mcu.externaltools.arm-none.win32_1.16.0.201807130628/tools/compiler/bin/../lib/gcc/arm-none-eabi/7.2.1/thumb/v6-m/crtbegin.o
                0x200009b0                . = ALIGN (0x4)

.bss            0x200009b0      0x72c load address 0x0800ed38
                0x200009b0                _sbss = .
                0x200009b0                __bss_start__ = _sbss
 *(.bss)
 .bss           0x200009b0       0x1c e:/program files/stm workbench/plugins/fr.ac6.mcu.externaltools.arm-none.win32_1.16.0.201807130628/tools/compiler/bin/../lib/gcc/arm-none-eabi/7.2.1/thumb/v6-m/crtbegin.o
 .bss           0x200009cc        0x6 src/ff.o
 *fill*         0x200009d2        0x2 
 .bss           0x200009d4       0x14 src/motor.o
                0x200009d4                xReachedPos
                0x200009d8                yReachedPos
                0x200009dc                zReachedPos
                0x200009e0                aReachedPos
                0x200009e4                bReachedPos
 .bss           0x200009e8        0x1 src/sdmm.o
 *fill*         0x200009e9        0x3 
 .bss           0x200009ec        0x8 src/syscalls.o
                0x200009ec                __env
 *(.bss*)
 .bss.__malloc_current_mallinfo
                0x200009f4       0x28 e:/program files/stm workbench/plugins/fr.ac6.mcu.externaltools.arm-none.win32_1.16.0.201807130628/tools/compiler/bin/../lib/gcc/arm-none-eabi/7.2.1/../../../../arm-none-eabi/lib/thumb/v6-m\libc.a(lib_a-mallocr.o)
                0x200009f4                __malloc_current_mallinfo
 .bss.__malloc_max_sbrked_mem
                0x20000a1c        0x4 e:/program files/stm workbench/plugins/fr.ac6.mcu.externaltools.arm-none.win32_1.16.0.201807130628/tools/compiler/bin/../lib/gcc/arm-none-eabi/7.2.1/../../../../arm-none-eabi/lib/thumb/v6-m\libc.a(lib_a-mallocr.o)
                0x20000a1c                __malloc_max_sbrked_mem
 .bss.__malloc_max_total_mem
                0x20000a20        0x4 e:/program files/stm workbench/plugins/fr.ac6.mcu.externaltools.arm-none.win32_1.16.0.201807130628/tools/compiler/bin/../lib/gcc/arm-none-eabi/7.2.1/../../../../arm-none-eabi/lib/thumb/v6-m\libc.a(lib_a-mallocr.o)
                0x20000a20                __malloc_max_total_mem
 .bss.__malloc_top_pad
                0x20000a24        0x4 e:/program files/stm workbench/plugins/fr.ac6.mcu.externaltools.arm-none.win32_1.16.0.201807130628/tools/compiler/bin/../lib/gcc/arm-none-eabi/7.2.1/../../../../arm-none-eabi/lib/thumb/v6-m\libc.a(lib_a-mallocr.o)
                0x20000a24                __malloc_top_pad
 *(COMMON)
 COMMON         0x20000a28      0x194 src/flash.o
                0x20000a28                messageRX
                0x20000a5c                zFlag
                0x20000a60                commandedPosition
                0x20000a88                actualBDec
                0x20000a8c                txFlag
                0x20000a90                RELATIVE
                0x20000a94                nextLineReady
                0x20000a98                actualXDec
                0x20000a9c                command
                0x20000ad0                ABSOLUTE
                0x20000ad4                actualZWhole
                0x20000ad8                nextCommandedPosition
                0x20000b00                actualPosition
                0x20000b28                startBendCycle
                0x20000b2c                button1Flag
                0x20000b30                inBendCycle
                0x20000b34                button2Flag
                0x20000b38                actualXWhole
                0x20000b3c                progSource
                0x20000b40                actualYDec
                0x20000b48                homePosition
                0x20000b70                stepsPerMM
                0x20000b98                actualADec
                0x20000b9c                initBendCycleFlag
                0x20000ba0                actualBWhole
                0x20000ba4                readNextLineFlag
                0x20000ba8                rx_index
                0x20000bac                rxFlag
                0x20000bb0                actualYWhole
                0x20000bb4                actualZDec
                0x20000bb8                actualAWhole
 COMMON         0x20000bbc      0x49a src/gcode.o
                0x20000bbc                FatFs
                0x20000dec                A
                0x20000df6                status_
                0x20000df7                sd_type
                0x20000df8                partialBlockRead_
                0x20000dfc                Y
                0x20000e08                B
                0x20000e12                offset_
                0x20000e14                Z
                0x20000e20                Fil
                0x20001048                inBlock_
                0x2000104c                X
 *fill*         0x20001056        0x2 
 COMMON         0x20001058       0x5c src/motor.o
                0x20001058                moveA
                0x2000105c                moveB
                0x20001060                debounce11
                0x20001064                steps
                0x20001078                moveY
                0x2000107c                debounce12
                0x20001080                moveX
                0x20001088                updateMovement
                0x200010b0                moveZ
 COMMON         0x200010b4       0x21 e:/program files/stm workbench/plugins/fr.ac6.mcu.externaltools.arm-none.win32_1.16.0.201807130628/tools/compiler/bin/../lib/gcc/arm-none-eabi/7.2.1/../../../../arm-none-eabi/lib/thumb/v6-m\libc.a(lib_a-lock.o)
                0x200010b4                __lock___atexit_recursive_mutex
                0x200010b8                __lock___arc4random_mutex
                0x200010bc                __lock___env_recursive_mutex
                0x200010c0                __lock___sinit_recursive_mutex
                0x200010c4                __lock___malloc_recursive_mutex
                0x200010c8                __lock___at_quick_exit_mutex
                0x200010cc                __lock___dd_hash_mutex
                0x200010d0                __lock___tz_mutex
                0x200010d4                __lock___sfp_recursive_mutex
 *fill*         0x200010d5        0x3 
 COMMON         0x200010d8        0x4 e:/program files/stm workbench/plugins/fr.ac6.mcu.externaltools.arm-none.win32_1.16.0.201807130628/tools/compiler/bin/../lib/gcc/arm-none-eabi/7.2.1/../../../../arm-none-eabi/lib/thumb/v6-m\libc.a(lib_a-reent.o)
                0x200010d8                errno
                0x200010dc                . = ALIGN (0x4)
                0x200010dc                _ebss = .
                0x200010dc                __bss_end__ = _ebss

._user_heap_stack
                0x200010dc       0x84 load address 0x0800ed38
                0x200010e0                . = ALIGN (0x8)
 *fill*         0x200010dc        0x4 
                0x200010e0                PROVIDE (end, .)
                [!provide]                PROVIDE (_end, .)
                0x200010e0                . = (. + _Min_Heap_Size)
                0x20001160                . = (. + _Min_Stack_Size)
 *fill*         0x200010e0       0x80 
                0x20001160                . = ALIGN (0x8)

.ARM.attributes
                0x00000000       0x28
 *(.ARM.attributes)
 .ARM.attributes
                0x00000000       0x1e e:/program files/stm workbench/plugins/fr.ac6.mcu.externaltools.arm-none.win32_1.16.0.201807130628/tools/compiler/bin/../lib/gcc/arm-none-eabi/7.2.1/thumb/v6-m/crti.o
 .ARM.attributes
                0x0000001e       0x2c e:/program files/stm workbench/plugins/fr.ac6.mcu.externaltools.arm-none.win32_1.16.0.201807130628/tools/compiler/bin/../lib/gcc/arm-none-eabi/7.2.1/thumb/v6-m/crtbegin.o
 .ARM.attributes
                0x0000004a       0x31 StdPeriph_Driver/src/stm32f0xx_flash.o
 .ARM.attributes
                0x0000007b       0x31 src/ff.o
 .ARM.attributes
                0x000000ac       0x31 src/flash.o
 .ARM.attributes
                0x000000dd       0x31 src/gcode.o
 .ARM.attributes
                0x0000010e       0x31 src/main.o
 .ARM.attributes
                0x0000013f       0x21 src/micro_wait.o
 .ARM.attributes
                0x00000160       0x31 src/motor.o
 .ARM.attributes
                0x00000191       0x31 src/sd.o
 .ARM.attributes
                0x000001c2       0x31 src/sdmm.o
 .ARM.attributes
                0x000001f3       0x31 src/spi.o
 .ARM.attributes
                0x00000224       0x31 src/syscalls.o
 .ARM.attributes
                0x00000255       0x31 src/system_stm32f0xx.o
 .ARM.attributes
                0x00000286       0x31 src/usart.o
 .ARM.attributes
                0x000002b7       0x21 startup/startup_stm32f0xx.o
 .ARM.attributes
                0x000002d8       0x2c e:/program files/stm workbench/plugins/fr.ac6.mcu.externaltools.arm-none.win32_1.16.0.201807130628/tools/compiler/bin/../lib/gcc/arm-none-eabi/7.2.1/../../../../arm-none-eabi/lib/thumb/v6-m\libm.a(lib_a-s_round.o)
 .ARM.attributes
                0x00000304       0x1e e:/program files/stm workbench/plugins/fr.ac6.mcu.externaltools.arm-none.win32_1.16.0.201807130628/tools/compiler/bin/../lib/gcc/arm-none-eabi/7.2.1/thumb/v6-m\libgcc.a(_udivsi3.o)
 .ARM.attributes
                0x00000322       0x1e e:/program files/stm workbench/plugins/fr.ac6.mcu.externaltools.arm-none.win32_1.16.0.201807130628/tools/compiler/bin/../lib/gcc/arm-none-eabi/7.2.1/thumb/v6-m\libgcc.a(_divsi3.o)
 .ARM.attributes
                0x00000340       0x1e e:/program files/stm workbench/plugins/fr.ac6.mcu.externaltools.arm-none.win32_1.16.0.201807130628/tools/compiler/bin/../lib/gcc/arm-none-eabi/7.2.1/thumb/v6-m\libgcc.a(_dvmd_tls.o)
 .ARM.attributes
                0x0000035e       0x1e e:/program files/stm workbench/plugins/fr.ac6.mcu.externaltools.arm-none.win32_1.16.0.201807130628/tools/compiler/bin/../lib/gcc/arm-none-eabi/7.2.1/thumb/v6-m\libgcc.a(_arm_cmpdf2.o)
 .ARM.attributes
                0x0000037c       0x2c e:/program files/stm workbench/plugins/fr.ac6.mcu.externaltools.arm-none.win32_1.16.0.201807130628/tools/compiler/bin/../lib/gcc/arm-none-eabi/7.2.1/thumb/v6-m\libgcc.a(adddf3.o)
 .ARM.attributes
                0x000003a8       0x2c e:/program files/stm workbench/plugins/fr.ac6.mcu.externaltools.arm-none.win32_1.16.0.201807130628/tools/compiler/bin/../lib/gcc/arm-none-eabi/7.2.1/thumb/v6-m\libgcc.a(divdf3.o)
 .ARM.attributes
                0x000003d4       0x2c e:/program files/stm workbench/plugins/fr.ac6.mcu.externaltools.arm-none.win32_1.16.0.201807130628/tools/compiler/bin/../lib/gcc/arm-none-eabi/7.2.1/thumb/v6-m\libgcc.a(eqdf2.o)
 .ARM.attributes
                0x00000400       0x2c e:/program files/stm workbench/plugins/fr.ac6.mcu.externaltools.arm-none.win32_1.16.0.201807130628/tools/compiler/bin/../lib/gcc/arm-none-eabi/7.2.1/thumb/v6-m\libgcc.a(gedf2.o)
 .ARM.attributes
                0x0000042c       0x2c e:/program files/stm workbench/plugins/fr.ac6.mcu.externaltools.arm-none.win32_1.16.0.201807130628/tools/compiler/bin/../lib/gcc/arm-none-eabi/7.2.1/thumb/v6-m\libgcc.a(ledf2.o)
 .ARM.attributes
                0x00000458       0x2c e:/program files/stm workbench/plugins/fr.ac6.mcu.externaltools.arm-none.win32_1.16.0.201807130628/tools/compiler/bin/../lib/gcc/arm-none-eabi/7.2.1/thumb/v6-m\libgcc.a(muldf3.o)
 .ARM.attributes
                0x00000484       0x2c e:/program files/stm workbench/plugins/fr.ac6.mcu.externaltools.arm-none.win32_1.16.0.201807130628/tools/compiler/bin/../lib/gcc/arm-none-eabi/7.2.1/thumb/v6-m\libgcc.a(subdf3.o)
 .ARM.attributes
                0x000004b0       0x2c e:/program files/stm workbench/plugins/fr.ac6.mcu.externaltools.arm-none.win32_1.16.0.201807130628/tools/compiler/bin/../lib/gcc/arm-none-eabi/7.2.1/thumb/v6-m\libgcc.a(fixdfsi.o)
 .ARM.attributes
                0x000004dc       0x2c e:/program files/stm workbench/plugins/fr.ac6.mcu.externaltools.arm-none.win32_1.16.0.201807130628/tools/compiler/bin/../lib/gcc/arm-none-eabi/7.2.1/thumb/v6-m\libgcc.a(floatsidf.o)
 .ARM.attributes
                0x00000508       0x1e e:/program files/stm workbench/plugins/fr.ac6.mcu.externaltools.arm-none.win32_1.16.0.201807130628/tools/compiler/bin/../lib/gcc/arm-none-eabi/7.2.1/thumb/v6-m\libgcc.a(_clzsi2.o)
 .ARM.attributes
                0x00000526       0x2c e:/program files/stm workbench/plugins/fr.ac6.mcu.externaltools.arm-none.win32_1.16.0.201807130628/tools/compiler/bin/../lib/gcc/arm-none-eabi/7.2.1/../../../../arm-none-eabi/lib/thumb/v6-m\libc.a(lib_a-errno.o)
 .ARM.attributes
                0x00000552       0x2c e:/program files/stm workbench/plugins/fr.ac6.mcu.externaltools.arm-none.win32_1.16.0.201807130628/tools/compiler/bin/../lib/gcc/arm-none-eabi/7.2.1/../../../../arm-none-eabi/lib/thumb/v6-m\libc.a(lib_a-impure.o)
 .ARM.attributes
                0x0000057e       0x2c e:/program files/stm workbench/plugins/fr.ac6.mcu.externaltools.arm-none.win32_1.16.0.201807130628/tools/compiler/bin/../lib/gcc/arm-none-eabi/7.2.1/../../../../arm-none-eabi/lib/thumb/v6-m\libc.a(lib_a-init.o)
 .ARM.attributes
                0x000005aa       0x2c e:/program files/stm workbench/plugins/fr.ac6.mcu.externaltools.arm-none.win32_1.16.0.201807130628/tools/compiler/bin/../lib/gcc/arm-none-eabi/7.2.1/../../../../arm-none-eabi/lib/thumb/v6-m\libc.a(lib_a-locale.o)
 .ARM.attributes
                0x000005d6       0x2c e:/program files/stm workbench/plugins/fr.ac6.mcu.externaltools.arm-none.win32_1.16.0.201807130628/tools/compiler/bin/../lib/gcc/arm-none-eabi/7.2.1/../../../../arm-none-eabi/lib/thumb/v6-m\libc.a(lib_a-mbtowc_r.o)
 .ARM.attributes
                0x00000602       0x2c e:/program files/stm workbench/plugins/fr.ac6.mcu.externaltools.arm-none.win32_1.16.0.201807130628/tools/compiler/bin/../lib/gcc/arm-none-eabi/7.2.1/../../../../arm-none-eabi/lib/thumb/v6-m\libc.a(lib_a-memset.o)
 .ARM.attributes
                0x0000062e       0x2c e:/program files/stm workbench/plugins/fr.ac6.mcu.externaltools.arm-none.win32_1.16.0.201807130628/tools/compiler/bin/../lib/gcc/arm-none-eabi/7.2.1/../../../../arm-none-eabi/lib/thumb/v6-m\libc.a(lib_a-sprintf.o)
 .ARM.attributes
                0x0000065a       0x2c e:/program files/stm workbench/plugins/fr.ac6.mcu.externaltools.arm-none.win32_1.16.0.201807130628/tools/compiler/bin/../lib/gcc/arm-none-eabi/7.2.1/../../../../arm-none-eabi/lib/thumb/v6-m\libc.a(lib_a-strcpy.o)
 .ARM.attributes
                0x00000686       0x2c e:/program files/stm workbench/plugins/fr.ac6.mcu.externaltools.arm-none.win32_1.16.0.201807130628/tools/compiler/bin/../lib/gcc/arm-none-eabi/7.2.1/../../../../arm-none-eabi/lib/thumb/v6-m\libc.a(lib_a-strlen-stub.o)
 .ARM.attributes
                0x000006b2       0x2c e:/program files/stm workbench/plugins/fr.ac6.mcu.externaltools.arm-none.win32_1.16.0.201807130628/tools/compiler/bin/../lib/gcc/arm-none-eabi/7.2.1/../../../../arm-none-eabi/lib/thumb/v6-m\libc.a(lib_a-strncmp.o)
 .ARM.attributes
                0x000006de       0x2c e:/program files/stm workbench/plugins/fr.ac6.mcu.externaltools.arm-none.win32_1.16.0.201807130628/tools/compiler/bin/../lib/gcc/arm-none-eabi/7.2.1/../../../../arm-none-eabi/lib/thumb/v6-m\libc.a(lib_a-strtod.o)
 .ARM.attributes
                0x0000070a       0x2c e:/program files/stm workbench/plugins/fr.ac6.mcu.externaltools.arm-none.win32_1.16.0.201807130628/tools/compiler/bin/../lib/gcc/arm-none-eabi/7.2.1/../../../../arm-none-eabi/lib/thumb/v6-m\libc.a(lib_a-svfprintf.o)
 .ARM.attributes
                0x00000736       0x2c e:/program files/stm workbench/plugins/fr.ac6.mcu.externaltools.arm-none.win32_1.16.0.201807130628/tools/compiler/bin/../lib/gcc/arm-none-eabi/7.2.1/../../../../arm-none-eabi/lib/thumb/v6-m\libc.a(lib_a-wctomb_r.o)
 .ARM.attributes
                0x00000762       0x2c e:/program files/stm workbench/plugins/fr.ac6.mcu.externaltools.arm-none.win32_1.16.0.201807130628/tools/compiler/bin/../lib/gcc/arm-none-eabi/7.2.1/../../../../arm-none-eabi/lib/thumb/v6-m\libc.a(lib_a-__call_atexit.o)
 .ARM.attributes
                0x0000078e       0x2c e:/program files/stm workbench/plugins/fr.ac6.mcu.externaltools.arm-none.win32_1.16.0.201807130628/tools/compiler/bin/../lib/gcc/arm-none-eabi/7.2.1/../../../../arm-none-eabi/lib/thumb/v6-m\libc.a(lib_a-atexit.o)
 .ARM.attributes
                0x000007ba       0x2c e:/program files/stm workbench/plugins/fr.ac6.mcu.externaltools.arm-none.win32_1.16.0.201807130628/tools/compiler/bin/../lib/gcc/arm-none-eabi/7.2.1/../../../../arm-none-eabi/lib/thumb/v6-m\libc.a(lib_a-ctype_.o)
 .ARM.attributes
                0x000007e6       0x2c e:/program files/stm workbench/plugins/fr.ac6.mcu.externaltools.arm-none.win32_1.16.0.201807130628/tools/compiler/bin/../lib/gcc/arm-none-eabi/7.2.1/../../../../arm-none-eabi/lib/thumb/v6-m\libc.a(lib_a-dtoa.o)
 .ARM.attributes
                0x00000812       0x2c e:/program files/stm workbench/plugins/fr.ac6.mcu.externaltools.arm-none.win32_1.16.0.201807130628/tools/compiler/bin/../lib/gcc/arm-none-eabi/7.2.1/../../../../arm-none-eabi/lib/thumb/v6-m\libc.a(lib_a-fini.o)
 .ARM.attributes
                0x0000083e       0x2c e:/program files/stm workbench/plugins/fr.ac6.mcu.externaltools.arm-none.win32_1.16.0.201807130628/tools/compiler/bin/../lib/gcc/arm-none-eabi/7.2.1/../../../../arm-none-eabi/lib/thumb/v6-m\libc.a(lib_a-freer.o)
 .ARM.attributes
                0x0000086a       0x2c e:/program files/stm workbench/plugins/fr.ac6.mcu.externaltools.arm-none.win32_1.16.0.201807130628/tools/compiler/bin/../lib/gcc/arm-none-eabi/7.2.1/../../../../arm-none-eabi/lib/thumb/v6-m\libc.a(lib_a-gdtoa-gethex.o)
 .ARM.attributes
                0x00000896       0x2c e:/program files/stm workbench/plugins/fr.ac6.mcu.externaltools.arm-none.win32_1.16.0.201807130628/tools/compiler/bin/../lib/gcc/arm-none-eabi/7.2.1/../../../../arm-none-eabi/lib/thumb/v6-m\libc.a(lib_a-gdtoa-hexnan.o)
 .ARM.attributes
                0x000008c2       0x2c e:/program files/stm workbench/plugins/fr.ac6.mcu.externaltools.arm-none.win32_1.16.0.201807130628/tools/compiler/bin/../lib/gcc/arm-none-eabi/7.2.1/../../../../arm-none-eabi/lib/thumb/v6-m\libc.a(lib_a-localeconv.o)
 .ARM.attributes
                0x000008ee       0x2c e:/program files/stm workbench/plugins/fr.ac6.mcu.externaltools.arm-none.win32_1.16.0.201807130628/tools/compiler/bin/../lib/gcc/arm-none-eabi/7.2.1/../../../../arm-none-eabi/lib/thumb/v6-m\libc.a(lib_a-lock.o)
 .ARM.attributes
                0x0000091a       0x2c e:/program files/stm workbench/plugins/fr.ac6.mcu.externaltools.arm-none.win32_1.16.0.201807130628/tools/compiler/bin/../lib/gcc/arm-none-eabi/7.2.1/../../../../arm-none-eabi/lib/thumb/v6-m\libc.a(lib_a-mallocr.o)
 .ARM.attributes
                0x00000946       0x2c e:/program files/stm workbench/plugins/fr.ac6.mcu.externaltools.arm-none.win32_1.16.0.201807130628/tools/compiler/bin/../lib/gcc/arm-none-eabi/7.2.1/../../../../arm-none-eabi/lib/thumb/v6-m\libc.a(lib_a-memchr-stub.o)
 .ARM.attributes
                0x00000972       0x2c e:/program files/stm workbench/plugins/fr.ac6.mcu.externaltools.arm-none.win32_1.16.0.201807130628/tools/compiler/bin/../lib/gcc/arm-none-eabi/7.2.1/../../../../arm-none-eabi/lib/thumb/v6-m\libc.a(lib_a-memcpy-stub.o)
 .ARM.attributes
                0x0000099e       0x2c e:/program files/stm workbench/plugins/fr.ac6.mcu.externaltools.arm-none.win32_1.16.0.201807130628/tools/compiler/bin/../lib/gcc/arm-none-eabi/7.2.1/../../../../arm-none-eabi/lib/thumb/v6-m\libc.a(lib_a-mlock.o)
 .ARM.attributes
                0x000009ca       0x2c e:/program files/stm workbench/plugins/fr.ac6.mcu.externaltools.arm-none.win32_1.16.0.201807130628/tools/compiler/bin/../lib/gcc/arm-none-eabi/7.2.1/../../../../arm-none-eabi/lib/thumb/v6-m\libc.a(lib_a-mprec.o)
 .ARM.attributes
                0x000009f6       0x2c e:/program files/stm workbench/plugins/fr.ac6.mcu.externaltools.arm-none.win32_1.16.0.201807130628/tools/compiler/bin/../lib/gcc/arm-none-eabi/7.2.1/../../../../arm-none-eabi/lib/thumb/v6-m\libc.a(lib_a-sbrkr.o)
 .ARM.attributes
                0x00000a22       0x2c e:/program files/stm workbench/plugins/fr.ac6.mcu.externaltools.arm-none.win32_1.16.0.201807130628/tools/compiler/bin/../lib/gcc/arm-none-eabi/7.2.1/../../../../arm-none-eabi/lib/thumb/v6-m\libc.a(lib_a-svfiprintf.o)
 .ARM.attributes
                0x00000a4e       0x2c e:/program files/stm workbench/plugins/fr.ac6.mcu.externaltools.arm-none.win32_1.16.0.201807130628/tools/compiler/bin/../lib/gcc/arm-none-eabi/7.2.1/../../../../arm-none-eabi/lib/thumb/v6-m\libc.a(lib_a-__atexit.o)
 .ARM.attributes
                0x00000a7a       0x2c e:/program files/stm workbench/plugins/fr.ac6.mcu.externaltools.arm-none.win32_1.16.0.201807130628/tools/compiler/bin/../lib/gcc/arm-none-eabi/7.2.1/../../../../arm-none-eabi/lib/thumb/v6-m\libc.a(lib_a-callocr.o)
 .ARM.attributes
                0x00000aa6       0x2c e:/program files/stm workbench/plugins/fr.ac6.mcu.externaltools.arm-none.win32_1.16.0.201807130628/tools/compiler/bin/../lib/gcc/arm-none-eabi/7.2.1/../../../../arm-none-eabi/lib/thumb/v6-m\libc.a(lib_a-memmove.o)
 .ARM.attributes
                0x00000ad2       0x2c e:/program files/stm workbench/plugins/fr.ac6.mcu.externaltools.arm-none.win32_1.16.0.201807130628/tools/compiler/bin/../lib/gcc/arm-none-eabi/7.2.1/../../../../arm-none-eabi/lib/thumb/v6-m\libc.a(lib_a-reallocr.o)
 .ARM.attributes
                0x00000afe       0x2c e:/program files/stm workbench/plugins/fr.ac6.mcu.externaltools.arm-none.win32_1.16.0.201807130628/tools/compiler/bin/../lib/gcc/arm-none-eabi/7.2.1/../../../../arm-none-eabi/lib/thumb/v6-m\libc.a(lib_a-reent.o)
 .ARM.attributes
                0x00000b2a       0x1e e:/program files/stm workbench/plugins/fr.ac6.mcu.externaltools.arm-none.win32_1.16.0.201807130628/tools/compiler/bin/../lib/gcc/arm-none-eabi/7.2.1/thumb/v6-m\libgcc.a(_aeabi_uldivmod.o)
 .ARM.attributes
                0x00000b48       0x2c e:/program files/stm workbench/plugins/fr.ac6.mcu.externaltools.arm-none.win32_1.16.0.201807130628/tools/compiler/bin/../lib/gcc/arm-none-eabi/7.2.1/thumb/v6-m\libgcc.a(_fixunsdfsi.o)
 .ARM.attributes
                0x00000b74       0x2c e:/program files/stm workbench/plugins/fr.ac6.mcu.externaltools.arm-none.win32_1.16.0.201807130628/tools/compiler/bin/../lib/gcc/arm-none-eabi/7.2.1/thumb/v6-m\libgcc.a(_udivmoddi4.o)
 .ARM.attributes
                0x00000ba0       0x2c e:/program files/stm workbench/plugins/fr.ac6.mcu.externaltools.arm-none.win32_1.16.0.201807130628/tools/compiler/bin/../lib/gcc/arm-none-eabi/7.2.1/thumb/v6-m\libgcc.a(unorddf2.o)
 .ARM.attributes
                0x00000bcc       0x2c e:/program files/stm workbench/plugins/fr.ac6.mcu.externaltools.arm-none.win32_1.16.0.201807130628/tools/compiler/bin/../lib/gcc/arm-none-eabi/7.2.1/thumb/v6-m\libgcc.a(floatunsidf.o)
 .ARM.attributes
                0x00000bf8       0x1e e:/program files/stm workbench/plugins/fr.ac6.mcu.externaltools.arm-none.win32_1.16.0.201807130628/tools/compiler/bin/../lib/gcc/arm-none-eabi/7.2.1/thumb/v6-m\libgcc.a(_clzdi2.o)
 .ARM.attributes
                0x00000c16       0x1e e:/program files/stm workbench/plugins/fr.ac6.mcu.externaltools.arm-none.win32_1.16.0.201807130628/tools/compiler/bin/../lib/gcc/arm-none-eabi/7.2.1/thumb/v6-m/crtn.o
OUTPUT(BenderSTM.elf elf32-littlearm)

.debug_info     0x00000000     0x9c6d
 .debug_info    0x00000000      0x7a1 StdPeriph_Driver/src/stm32f0xx_flash.o
 .debug_info    0x000007a1     0x17a2 src/ff.o
 .debug_info    0x00001f43      0x860 src/flash.o
 .debug_info    0x000027a3     0x1925 src/gcode.o
 .debug_info    0x000040c8      0xc87 src/main.o
 .debug_info    0x00004d4f       0x26 src/micro_wait.o
 .debug_info    0x00004d75     0x147d src/motor.o
 .debug_info    0x000061f2      0x73d src/sd.o
 .debug_info    0x0000692f      0x829 src/sdmm.o
 .debug_info    0x00007158      0x611 src/spi.o
 .debug_info    0x00007769      0xf2e src/syscalls.o
 .debug_info    0x00008697      0x2d5 src/system_stm32f0xx.o
 .debug_info    0x0000896c     0x12df src/usart.o
 .debug_info    0x00009c4b       0x22 startup/startup_stm32f0xx.o

.debug_abbrev   0x00000000     0x18e5
 .debug_abbrev  0x00000000      0x1e2 StdPeriph_Driver/src/stm32f0xx_flash.o
 .debug_abbrev  0x000001e2      0x1fd src/ff.o
 .debug_abbrev  0x000003df      0x19a src/flash.o
 .debug_abbrev  0x00000579      0x394 src/gcode.o
 .debug_abbrev  0x0000090d      0x20b src/main.o
 .debug_abbrev  0x00000b18       0x14 src/micro_wait.o
 .debug_abbrev  0x00000b2c      0x2b7 src/motor.o
 .debug_abbrev  0x00000de3      0x163 src/sd.o
 .debug_abbrev  0x00000f46      0x1ea src/sdmm.o
 .debug_abbrev  0x00001130       0xff src/spi.o
 .debug_abbrev  0x0000122f      0x2aa src/syscalls.o
 .debug_abbrev  0x000014d9      0x138 src/system_stm32f0xx.o
 .debug_abbrev  0x00001611      0x2c2 src/usart.o
 .debug_abbrev  0x000018d3       0x12 startup/startup_stm32f0xx.o

.debug_aranges  0x00000000      0x688
 .debug_aranges
                0x00000000      0x100 StdPeriph_Driver/src/stm32f0xx_flash.o
 .debug_aranges
                0x00000100      0x188 src/ff.o
 .debug_aranges
                0x00000288       0x48 src/flash.o
 .debug_aranges
                0x000002d0       0xa8 src/gcode.o
 .debug_aranges
                0x00000378       0x20 src/main.o
 .debug_aranges
                0x00000398       0x20 src/micro_wait.o
 .debug_aranges
                0x000003b8       0x80 src/motor.o
 .debug_aranges
                0x00000438       0x40 src/sd.o
 .debug_aranges
                0x00000478       0x80 src/sdmm.o
 .debug_aranges
                0x000004f8       0x30 src/spi.o
 .debug_aranges
                0x00000528       0xb0 src/syscalls.o
 .debug_aranges
                0x000005d8       0x30 src/system_stm32f0xx.o
 .debug_aranges
                0x00000608       0x58 src/usart.o
 .debug_aranges
                0x00000660       0x28 startup/startup_stm32f0xx.o

.debug_ranges   0x00000000      0x600
 .debug_ranges  0x00000000       0xf0 StdPeriph_Driver/src/stm32f0xx_flash.o
 .debug_ranges  0x000000f0      0x178 src/ff.o
 .debug_ranges  0x00000268       0x38 src/flash.o
 .debug_ranges  0x000002a0       0x98 src/gcode.o
 .debug_ranges  0x00000338       0x10 src/main.o
 .debug_ranges  0x00000348       0x70 src/motor.o
 .debug_ranges  0x000003b8       0x30 src/sd.o
 .debug_ranges  0x000003e8       0xd0 src/sdmm.o
 .debug_ranges  0x000004b8       0x20 src/spi.o
 .debug_ranges  0x000004d8       0xa0 src/syscalls.o
 .debug_ranges  0x00000578       0x20 src/system_stm32f0xx.o
 .debug_ranges  0x00000598       0x48 src/usart.o
 .debug_ranges  0x000005e0       0x20 startup/startup_stm32f0xx.o

.debug_macro    0x00000000     0x2ed6
 .debug_macro   0x00000000      0x178 StdPeriph_Driver/src/stm32f0xx_flash.o
 .debug_macro   0x00000178      0x169 StdPeriph_Driver/src/stm32f0xx_flash.o
 .debug_macro   0x000002e1      0x520 src/ff.o
 .debug_macro   0x00000801       0xf8 src/ff.o
 .debug_macro   0x000008f9       0xef src/ff.o
 .debug_macro   0x000009e8       0xc4 src/ff.o
 .debug_macro   0x00000aac       0x58 src/ff.o
 .debug_macro   0x00000b04      0x18a src/flash.o
 .debug_macro   0x00000c8e       0x64 src/flash.o
 .debug_macro   0x00000cf2       0x1c src/flash.o
 .debug_macro   0x00000d0e      0x397 src/gcode.o
 .debug_macro   0x000010a5       0x58 src/gcode.o
 .debug_macro   0x000010fd       0x16 src/gcode.o
 .debug_macro   0x00001113       0x35 src/gcode.o
 .debug_macro   0x00001148       0x16 src/gcode.o
 .debug_macro   0x0000115e       0x29 src/gcode.o
 .debug_macro   0x00001187       0x16 src/gcode.o
 .debug_macro   0x0000119d      0x111 src/gcode.o
 .debug_macro   0x000012ae       0xee src/gcode.o
 .debug_macro   0x0000139c       0x16 src/gcode.o
 .debug_macro   0x000013b2      0x2af src/main.o
 .debug_macro   0x00001661       0x64 src/main.o
 .debug_macro   0x000016c5      0x174 src/main.o
 .debug_macro   0x00001839       0x10 src/main.o
 .debug_macro   0x00001849       0xf5 src/main.o
 .debug_macro   0x0000193e      0x22c src/motor.o
 .debug_macro   0x00001b6a      0x1e1 src/motor.o
 .debug_macro   0x00001d4b      0x1a5 src/sd.o
 .debug_macro   0x00001ef0      0x22f src/sdmm.o
 .debug_macro   0x0000211f      0x18a src/spi.o
 .debug_macro   0x000022a9      0x243 src/syscalls.o
 .debug_macro   0x000024ec       0x10 src/syscalls.o
 .debug_macro   0x000024fc       0x10 src/syscalls.o
 .debug_macro   0x0000250c       0x10 src/syscalls.o
 .debug_macro   0x0000251c       0x35 src/syscalls.o
 .debug_macro   0x00002551      0x122 src/syscalls.o
 .debug_macro   0x00002673       0x10 src/syscalls.o
 .debug_macro   0x00002683      0x241 src/syscalls.o
 .debug_macro   0x000028c4       0x1c src/syscalls.o
 .debug_macro   0x000028e0       0x10 src/syscalls.o
 .debug_macro   0x000028f0      0x189 src/syscalls.o
 .debug_macro   0x00002a79       0x16 src/syscalls.o
 .debug_macro   0x00002a8f       0x88 src/syscalls.o
 .debug_macro   0x00002b17      0x174 src/system_stm32f0xx.o
 .debug_macro   0x00002c8b      0x24b src/usart.o

.debug_line     0x00000000     0x61d5
 .debug_line    0x00000000      0x83d StdPeriph_Driver/src/stm32f0xx_flash.o
 .debug_line    0x0000083d     0x108d src/ff.o
 .debug_line    0x000018ca      0x675 src/flash.o
 .debug_line    0x00001f3f      0x98a src/gcode.o
 .debug_line    0x000028c9      0x76c src/main.o
 .debug_line    0x00003035       0x4a src/micro_wait.o
 .debug_line    0x0000307f      0x800 src/motor.o
 .debug_line    0x0000387f      0x697 src/sd.o
 .debug_line    0x00003f16      0x896 src/sdmm.o
 .debug_line    0x000047ac      0x64e src/spi.o
 .debug_line    0x00004dfa      0x5ff src/syscalls.o
 .debug_line    0x000053f9      0x5d3 src/system_stm32f0xx.o
 .debug_line    0x000059cc      0x788 src/usart.o
 .debug_line    0x00006154       0x81 startup/startup_stm32f0xx.o

.debug_str      0x00000000    0x37818
 .debug_str     0x00000000    0x2be6a StdPeriph_Driver/src/stm32f0xx_flash.o
                              0x2c00d (size before relaxing)
 .debug_str     0x0002be6a     0x43e4 src/ff.o
                               0x7fe5 (size before relaxing)
 .debug_str     0x0003024e      0x69e src/flash.o
                              0x2c2ba (size before relaxing)
 .debug_str     0x000308ec     0x4ee6 src/gcode.o
                              0x316eb (size before relaxing)
 .debug_str     0x000357d2      0x162 src/main.o
                              0x2f7c2 (size before relaxing)
 .debug_str     0x00035934       0x23 src/micro_wait.o
                                 0x4b (size before relaxing)
 .debug_str     0x00035957      0x9b6 src/motor.o
                              0x2fd52 (size before relaxing)
 .debug_str     0x0003630d       0x6a src/sd.o
                              0x2c16f (size before relaxing)
 .debug_str     0x00036377      0x1b4 src/sdmm.o
                              0x2c88f (size before relaxing)
 .debug_str     0x0003652b       0x63 src/spi.o
                              0x2c0b6 (size before relaxing)
 .debug_str     0x0003658e     0x10f1 src/syscalls.o
                               0x8639 (size before relaxing)
 .debug_str     0x0003767f       0x9e src/system_stm32f0xx.o
                              0x2bcfa (size before relaxing)
 .debug_str     0x0003771d       0xdc src/usart.o
                              0x2f3a9 (size before relaxing)
 .debug_str     0x000377f9       0x1f startup/startup_stm32f0xx.o
                                 0x56 (size before relaxing)

.comment        0x00000000       0x7e
 .comment       0x00000000       0x7e StdPeriph_Driver/src/stm32f0xx_flash.o
                                 0x7f (size before relaxing)
 .comment       0x0000007e       0x7f src/ff.o
 .comment       0x0000007e       0x7f src/flash.o
 .comment       0x0000007e       0x7f src/gcode.o
 .comment       0x0000007e       0x7f src/main.o
 .comment       0x0000007e       0x7f src/motor.o
 .comment       0x0000007e       0x7f src/sd.o
 .comment       0x0000007e       0x7f src/sdmm.o
 .comment       0x0000007e       0x7f src/spi.o
 .comment       0x0000007e       0x7f src/syscalls.o
 .comment       0x0000007e       0x7f src/system_stm32f0xx.o
 .comment       0x0000007e       0x7f src/usart.o

.debug_frame    0x00000000     0x23bc
 .debug_frame   0x00000000      0x3c0 StdPeriph_Driver/src/stm32f0xx_flash.o
 .debug_frame   0x000003c0      0x61c src/ff.o
 .debug_frame   0x000009dc       0xc4 src/flash.o
 .debug_frame   0x00000aa0      0x248 src/gcode.o
 .debug_frame   0x00000ce8       0x44 src/main.o
 .debug_frame   0x00000d2c      0x190 src/motor.o
 .debug_frame   0x00000ebc       0xb4 src/sd.o
 .debug_frame   0x00000f70      0x1b8 src/sdmm.o
 .debug_frame   0x00001128       0x68 src/spi.o
 .debug_frame   0x00001190      0x264 src/syscalls.o
 .debug_frame   0x000013f4       0x6c src/system_stm32f0xx.o
 .debug_frame   0x00001460      0x100 src/usart.o
 .debug_frame   0x00001560       0x30 e:/program files/stm workbench/plugins/fr.ac6.mcu.externaltools.arm-none.win32_1.16.0.201807130628/tools/compiler/bin/../lib/gcc/arm-none-eabi/7.2.1/../../../../arm-none-eabi/lib/thumb/v6-m\libm.a(lib_a-s_round.o)
 .debug_frame   0x00001590       0x20 e:/program files/stm workbench/plugins/fr.ac6.mcu.externaltools.arm-none.win32_1.16.0.201807130628/tools/compiler/bin/../lib/gcc/arm-none-eabi/7.2.1/thumb/v6-m\libgcc.a(_udivsi3.o)
 .debug_frame   0x000015b0       0x20 e:/program files/stm workbench/plugins/fr.ac6.mcu.externaltools.arm-none.win32_1.16.0.201807130628/tools/compiler/bin/../lib/gcc/arm-none-eabi/7.2.1/thumb/v6-m\libgcc.a(_divsi3.o)
 .debug_frame   0x000015d0       0x38 e:/program files/stm workbench/plugins/fr.ac6.mcu.externaltools.arm-none.win32_1.16.0.201807130628/tools/compiler/bin/../lib/gcc/arm-none-eabi/7.2.1/thumb/v6-m\libgcc.a(adddf3.o)
 .debug_frame   0x00001608       0x3c e:/program files/stm workbench/plugins/fr.ac6.mcu.externaltools.arm-none.win32_1.16.0.201807130628/tools/compiler/bin/../lib/gcc/arm-none-eabi/7.2.1/thumb/v6-m\libgcc.a(divdf3.o)
 .debug_frame   0x00001644       0x38 e:/program files/stm workbench/plugins/fr.ac6.mcu.externaltools.arm-none.win32_1.16.0.201807130628/tools/compiler/bin/../lib/gcc/arm-none-eabi/7.2.1/thumb/v6-m\libgcc.a(eqdf2.o)
 .debug_frame   0x0000167c       0x38 e:/program files/stm workbench/plugins/fr.ac6.mcu.externaltools.arm-none.win32_1.16.0.201807130628/tools/compiler/bin/../lib/gcc/arm-none-eabi/7.2.1/thumb/v6-m\libgcc.a(gedf2.o)
 .debug_frame   0x000016b4       0x38 e:/program files/stm workbench/plugins/fr.ac6.mcu.externaltools.arm-none.win32_1.16.0.201807130628/tools/compiler/bin/../lib/gcc/arm-none-eabi/7.2.1/thumb/v6-m\libgcc.a(ledf2.o)
 .debug_frame   0x000016ec       0x3c e:/program files/stm workbench/plugins/fr.ac6.mcu.externaltools.arm-none.win32_1.16.0.201807130628/tools/compiler/bin/../lib/gcc/arm-none-eabi/7.2.1/thumb/v6-m\libgcc.a(muldf3.o)
 .debug_frame   0x00001728       0x3c e:/program files/stm workbench/plugins/fr.ac6.mcu.externaltools.arm-none.win32_1.16.0.201807130628/tools/compiler/bin/../lib/gcc/arm-none-eabi/7.2.1/thumb/v6-m\libgcc.a(subdf3.o)
 .debug_frame   0x00001764       0x2c e:/program files/stm workbench/plugins/fr.ac6.mcu.externaltools.arm-none.win32_1.16.0.201807130628/tools/compiler/bin/../lib/gcc/arm-none-eabi/7.2.1/thumb/v6-m\libgcc.a(fixdfsi.o)
 .debug_frame   0x00001790       0x2c e:/program files/stm workbench/plugins/fr.ac6.mcu.externaltools.arm-none.win32_1.16.0.201807130628/tools/compiler/bin/../lib/gcc/arm-none-eabi/7.2.1/thumb/v6-m\libgcc.a(floatsidf.o)
 .debug_frame   0x000017bc       0x20 e:/program files/stm workbench/plugins/fr.ac6.mcu.externaltools.arm-none.win32_1.16.0.201807130628/tools/compiler/bin/../lib/gcc/arm-none-eabi/7.2.1/../../../../arm-none-eabi/lib/thumb/v6-m\libc.a(lib_a-errno.o)
 .debug_frame   0x000017dc       0x2c e:/program files/stm workbench/plugins/fr.ac6.mcu.externaltools.arm-none.win32_1.16.0.201807130628/tools/compiler/bin/../lib/gcc/arm-none-eabi/7.2.1/../../../../arm-none-eabi/lib/thumb/v6-m\libc.a(lib_a-init.o)
 .debug_frame   0x00001808       0x74 e:/program files/stm workbench/plugins/fr.ac6.mcu.externaltools.arm-none.win32_1.16.0.201807130628/tools/compiler/bin/../lib/gcc/arm-none-eabi/7.2.1/../../../../arm-none-eabi/lib/thumb/v6-m\libc.a(lib_a-locale.o)
 .debug_frame   0x0000187c       0x40 e:/program files/stm workbench/plugins/fr.ac6.mcu.externaltools.arm-none.win32_1.16.0.201807130628/tools/compiler/bin/../lib/gcc/arm-none-eabi/7.2.1/../../../../arm-none-eabi/lib/thumb/v6-m\libc.a(lib_a-mbtowc_r.o)
 .debug_frame   0x000018bc       0x30 e:/program files/stm workbench/plugins/fr.ac6.mcu.externaltools.arm-none.win32_1.16.0.201807130628/tools/compiler/bin/../lib/gcc/arm-none-eabi/7.2.1/../../../../arm-none-eabi/lib/thumb/v6-m\libc.a(lib_a-memset.o)
 .debug_frame   0x000018ec       0x48 e:/program files/stm workbench/plugins/fr.ac6.mcu.externaltools.arm-none.win32_1.16.0.201807130628/tools/compiler/bin/../lib/gcc/arm-none-eabi/7.2.1/../../../../arm-none-eabi/lib/thumb/v6-m\libc.a(lib_a-sprintf.o)
 .debug_frame   0x00001934       0x20 e:/program files/stm workbench/plugins/fr.ac6.mcu.externaltools.arm-none.win32_1.16.0.201807130628/tools/compiler/bin/../lib/gcc/arm-none-eabi/7.2.1/../../../../arm-none-eabi/lib/thumb/v6-m\libc.a(lib_a-strcpy.o)
 .debug_frame   0x00001954       0x28 e:/program files/stm workbench/plugins/fr.ac6.mcu.externaltools.arm-none.win32_1.16.0.201807130628/tools/compiler/bin/../lib/gcc/arm-none-eabi/7.2.1/../../../../arm-none-eabi/lib/thumb/v6-m\libc.a(lib_a-strlen-stub.o)
 .debug_frame   0x0000197c       0x2c e:/program files/stm workbench/plugins/fr.ac6.mcu.externaltools.arm-none.win32_1.16.0.201807130628/tools/compiler/bin/../lib/gcc/arm-none-eabi/7.2.1/../../../../arm-none-eabi/lib/thumb/v6-m\libc.a(lib_a-strncmp.o)
 .debug_frame   0x000019a8       0xe8 e:/program files/stm workbench/plugins/fr.ac6.mcu.externaltools.arm-none.win32_1.16.0.201807130628/tools/compiler/bin/../lib/gcc/arm-none-eabi/7.2.1/../../../../arm-none-eabi/lib/thumb/v6-m\libc.a(lib_a-strtod.o)
 .debug_frame   0x00001a90       0x3c e:/program files/stm workbench/plugins/fr.ac6.mcu.externaltools.arm-none.win32_1.16.0.201807130628/tools/compiler/bin/../lib/gcc/arm-none-eabi/7.2.1/../../../../arm-none-eabi/lib/thumb/v6-m\libc.a(lib_a-svfprintf.o)
 .debug_frame   0x00001acc       0x3c e:/program files/stm workbench/plugins/fr.ac6.mcu.externaltools.arm-none.win32_1.16.0.201807130628/tools/compiler/bin/../lib/gcc/arm-none-eabi/7.2.1/../../../../arm-none-eabi/lib/thumb/v6-m\libc.a(lib_a-wctomb_r.o)
 .debug_frame   0x00001b08       0x54 e:/program files/stm workbench/plugins/fr.ac6.mcu.externaltools.arm-none.win32_1.16.0.201807130628/tools/compiler/bin/../lib/gcc/arm-none-eabi/7.2.1/../../../../arm-none-eabi/lib/thumb/v6-m\libc.a(lib_a-__call_atexit.o)
 .debug_frame   0x00001b5c       0x28 e:/program files/stm workbench/plugins/fr.ac6.mcu.externaltools.arm-none.win32_1.16.0.201807130628/tools/compiler/bin/../lib/gcc/arm-none-eabi/7.2.1/../../../../arm-none-eabi/lib/thumb/v6-m\libc.a(lib_a-atexit.o)
 .debug_frame   0x00001b84       0x68 e:/program files/stm workbench/plugins/fr.ac6.mcu.externaltools.arm-none.win32_1.16.0.201807130628/tools/compiler/bin/../lib/gcc/arm-none-eabi/7.2.1/../../../../arm-none-eabi/lib/thumb/v6-m\libc.a(lib_a-dtoa.o)
 .debug_frame   0x00001bec       0x2c e:/program files/stm workbench/plugins/fr.ac6.mcu.externaltools.arm-none.win32_1.16.0.201807130628/tools/compiler/bin/../lib/gcc/arm-none-eabi/7.2.1/../../../../arm-none-eabi/lib/thumb/v6-m\libc.a(lib_a-fini.o)
 .debug_frame   0x00001c18       0x58 e:/program files/stm workbench/plugins/fr.ac6.mcu.externaltools.arm-none.win32_1.16.0.201807130628/tools/compiler/bin/../lib/gcc/arm-none-eabi/7.2.1/../../../../arm-none-eabi/lib/thumb/v6-m\libc.a(lib_a-freer.o)
 .debug_frame   0x00001c70       0x64 e:/program files/stm workbench/plugins/fr.ac6.mcu.externaltools.arm-none.win32_1.16.0.201807130628/tools/compiler/bin/../lib/gcc/arm-none-eabi/7.2.1/../../../../arm-none-eabi/lib/thumb/v6-m\libc.a(lib_a-gdtoa-gethex.o)
 .debug_frame   0x00001cd4       0x58 e:/program files/stm workbench/plugins/fr.ac6.mcu.externaltools.arm-none.win32_1.16.0.201807130628/tools/compiler/bin/../lib/gcc/arm-none-eabi/7.2.1/../../../../arm-none-eabi/lib/thumb/v6-m\libc.a(lib_a-gdtoa-hexnan.o)
 .debug_frame   0x00001d2c       0x40 e:/program files/stm workbench/plugins/fr.ac6.mcu.externaltools.arm-none.win32_1.16.0.201807130628/tools/compiler/bin/../lib/gcc/arm-none-eabi/7.2.1/../../../../arm-none-eabi/lib/thumb/v6-m\libc.a(lib_a-localeconv.o)
 .debug_frame   0x00001d6c       0xb0 e:/program files/stm workbench/plugins/fr.ac6.mcu.externaltools.arm-none.win32_1.16.0.201807130628/tools/compiler/bin/../lib/gcc/arm-none-eabi/7.2.1/../../../../arm-none-eabi/lib/thumb/v6-m\libc.a(lib_a-lock.o)